AR ein_bit_komparator ein_bit_komparator_arch G:/Dropbox/Hobby/Programme/FPGA/Zwei_Bit_Komparator/Ein_Bit_Komparator.vhd sub00/vhpl04 1362079228
AR komparator komparator_arch G:/Dropbox/Hobby/Programme/FPGA/Zwei_Bit_Komparator/Komparator.vhd sub00/vhpl03 1362079230
EN komparator NULL G:/Dropbox/Hobby/Programme/FPGA/Zwei_Bit_Komparator/Komparator.vhd sub00/vhpl00 1362079229
AR ein_bit_komparator behavioral G:/Dropbox/Hobby/Programme/FPGA/Zwei_Bit_Komparator/Ein_Bit_Komparator.vhd sub00/vhpl02 1361826610
EN ein_bit_komparator NULL G:/Dropbox/Hobby/Programme/FPGA/Zwei_Bit_Komparator/Ein_Bit_Komparator.vhd sub00/vhpl01 1362079227
