EN addierer NULL G:/Dropbox/Hobby/Programme/FPGA/Vier_Bit_Addierer/Addierer.vhd sub00/vhpl00 1362094074
AR vier_bit_addierer vier_bit_addierer_arch G:/Dropbox/Hobby/Programme/FPGA/Vier_Bit_Addierer/Vier_Bit_Addierer.vhd sub00/vhpl03 1362094077
EN vier_bit_addierer NULL G:/Dropbox/Hobby/Programme/FPGA/Vier_Bit_Addierer/Vier_Bit_Addierer.vhd sub00/vhpl02 1362094076
AR addierer addierer_arch G:/Dropbox/Hobby/Programme/FPGA/Vier_Bit_Addierer/Addierer.vhd sub00/vhpl01 1362094075
