V3 7
FL G:/Dropbox/Hobby/Programme/FPGA/Vier_Bit_Addierer/Addierer.vhd 2013/02/28.23:02:19 P.49d
EN work/Addierer 1362094074 \
      FL G:/Dropbox/Hobby/Programme/FPGA/Vier_Bit_Addierer/Addierer.vhd \
      PB ieee/std_logic_1164 1354696159
AR work/Addierer/Addierer_Arch 1362094075 \
      FL G:/Dropbox/Hobby/Programme/FPGA/Vier_Bit_Addierer/Addierer.vhd \
      EN work/Addierer 1362094074
FL G:/Dropbox/Hobby/Programme/FPGA/Vier_Bit_Addierer/Vier_Bit_Addierer.vhd 2013/03/01.00:27:51 P.49d
EN work/Vier_Bit_Addierer 1362094076 \
      FL G:/Dropbox/Hobby/Programme/FPGA/Vier_Bit_Addierer/Vier_Bit_Addierer.vhd \
      PB ieee/std_logic_1164 1354696159 PB ieee/std_logic_arith 1354696160 \
      PB ieee/STD_LOGIC_UNSIGNED 1354696162
AR work/Vier_Bit_Addierer/Vier_Bit_Addierer_Arch 1362094077 \
      FL G:/Dropbox/Hobby/Programme/FPGA/Vier_Bit_Addierer/Vier_Bit_Addierer.vhd \
      EN work/Vier_Bit_Addierer 1362094076 CP Addierer
