EN oder NULL G:/Dropbox/Hobby/Programme/FPGA/Vier_Bit_ALU/Oder.vhd sub00/vhpl06 1362302473
AR alu alu_arch G:/Dropbox/Hobby/Programme/FPGA/Vier_Bit_ALU/ALU.vhd sub00/vhpl23 1362302490
AR eingang_a eingang_a_arch G:/Dropbox/Hobby/Programme/FPGA/Vier_Bit_ALU/Eingang_A.vhd sub00/vhpl13 1362302480
AR vier_bit_und vier_bit_und G:/Dropbox/Hobby/Programme/FPGA/Vier_Bit_ALU/Vier_Bit_Und.vhd sub00/vhpl09 1362302476
AR oder oder_arch G:/Dropbox/Hobby/Programme/FPGA/Vier_Bit_ALU/Oder.vhd sub00/vhpl07 1362302474
EN addierer NULL G:/Dropbox/Hobby/Programme/FPGA/Vier_Bit_ALU/Addierer.vhd sub00/vhpl04 1362302471
AR vier_bit_addierer vier_bit_addierer_arch G:/Dropbox/Hobby/Programme/FPGA/Vier_Bit_ALU/Vier_Bit_Addierer.vhd sub00/vhpl19 1362302486
EN exor NULL G:/Dropbox/Hobby/Programme/FPGA/Vier_Bit_ALU/EXOR.vhd sub00/vhpl02 1362302469
EN eingang_a NULL G:/Dropbox/Hobby/Programme/FPGA/Vier_Bit_ALU/Eingang_A.vhd sub00/vhpl12 1362302479
EN eingang_b NULL G:/Dropbox/Hobby/Programme/FPGA/Vier_Bit_ALU/Eingang_B.vhd sub00/vhpl14 1362302481
EN vier_bit_und NULL G:/Dropbox/Hobby/Programme/FPGA/Vier_Bit_ALU/Vier_Bit_Und.vhd sub00/vhpl08 1362302475
EN vier_bit_addierer NULL G:/Dropbox/Hobby/Programme/FPGA/Vier_Bit_ALU/Vier_Bit_Addierer.vhd sub00/vhpl18 1362302485
EN und NULL G:/Dropbox/Hobby/Programme/FPGA/Vier_Bit_ALU/Und.vhd sub00/vhpl00 1362302467
EN vier_bit_multiplexer NULL G:/Dropbox/Hobby/Programme/FPGA/Vier_Bit_ALU/Vier_Multiplexer.vhd sub00/vhpl20 1362302487
AR addierer addierer_arch G:/Dropbox/Hobby/Programme/FPGA/Vier_Bit_ALU/Addierer.vhd sub00/vhpl05 1362302472
EN vier_bit_oder NULL G:/Dropbox/Hobby/Programme/FPGA/Vier_Bit_ALU/Vier_Bit_Oder.vhd sub00/vhpl16 1362302483
AR und behavioral G:/Dropbox/Hobby/Programme/FPGA/Vier_Bit_ALU/Und.vhd sub00/vhpl01 1362302468
AR exor exor_arch G:/Dropbox/Hobby/Programme/FPGA/Vier_Bit_ALU/EXOR.vhd sub00/vhpl03 1362302470
AR vier_bit_oder vier_bit_oder_arch G:/Dropbox/Hobby/Programme/FPGA/Vier_Bit_ALU/Vier_Bit_Oder.vhd sub00/vhpl17 1362302484
AR vier_bit_xor vier_bit_xor_arch G:/Dropbox/Hobby/Programme/FPGA/Vier_Bit_ALU/Vier_Bit_XOR.vhd sub00/vhpl11 1362302478
AR eingang_b eingang_b_arch G:/Dropbox/Hobby/Programme/FPGA/Vier_Bit_ALU/Eingang_B.vhd sub00/vhpl15 1362302482
AR vier_bit_multiplexer vier_bit_multiplexer_arch G:/Dropbox/Hobby/Programme/FPGA/Vier_Bit_ALU/Vier_Multiplexer.vhd sub00/vhpl21 1362302488
EN vier_bit_xor NULL G:/Dropbox/Hobby/Programme/FPGA/Vier_Bit_ALU/Vier_Bit_XOR.vhd sub00/vhpl10 1362302477
EN alu NULL G:/Dropbox/Hobby/Programme/FPGA/Vier_Bit_ALU/ALU.vhd sub00/vhpl22 1362302489
