EN addierer NULL G:/Dropbox/Hobby/Programme/FPGA/Ripple_Vier_Bit_Addierer/Addierer.vhd sub00/vhpl00 1362237950
AR multiplizierer multiplizierer_arch G:/Dropbox/Hobby/Programme/FPGA/Vier_Bit_Multiplizierer/Multipliziere_Arch.vhd sub00/vhpl05 1362237955
AR vier_bit_addierer vier_bit_addierer_arch G:/Dropbox/Hobby/Programme/FPGA/Ripple_Vier_Bit_Addierer/Vier_Bit_Addierer.vhd sub00/vhpl03 1362237953
EN vier_bit_addierer NULL G:/Dropbox/Hobby/Programme/FPGA/Ripple_Vier_Bit_Addierer/Vier_Bit_Addierer.vhd sub00/vhpl02 1362237952
AR addierer addierer_arch G:/Dropbox/Hobby/Programme/FPGA/Ripple_Vier_Bit_Addierer/Addierer.vhd sub00/vhpl01 1362237951
EN multiplizierer NULL G:/Dropbox/Hobby/Programme/FPGA/Vier_Bit_Multiplizierer/Multipliziere_Arch.vhd sub00/vhpl04 1362237954
