AR addier_subtrahier_werk addier_subtrahier_werk_arch G:/Dropbox/Hobby/Programme/FPGA/Acht_Bit_Addier_Subtrahier_Werk/Addier_Subtrahier_Werk.vhd sub00/vhpl03 1362173256
EN multiplexer NULL G:/Dropbox/Hobby/Programme/FPGA/Acht_Bit_Addier_Subtrahier_Werk/Multiplexer.vhd sub00/vhpl04 1362173249
AR multiplexer multiplexer_arch G:/Dropbox/Hobby/Programme/FPGA/Acht_Bit_Addier_Subtrahier_Werk/Multiplexer.vhd sub00/vhpl05 1362173250
EN addierer NULL G:/Dropbox/Hobby/Programme/FPGA/Acht_Bit_Addier_Subtrahier_Werk/Addierer.vhd sub00/vhpl01 1362173247
EN acht_bit_multiplexer NULL G:/Dropbox/Hobby/Programme/FPGA/Acht_Bit_Addier_Subtrahier_Werk/Acht_Bit_Multiplexer.vhd sub00/vhpl08 1362173251
AR acht_bit_multiplexer acht_bit_multiplexer_arch G:/Dropbox/Hobby/Programme/FPGA/Acht_Bit_Addier_Subtrahier_Werk/Acht_Bit_Multiplexer.vhd sub00/vhpl09 1362173252
EN addier_subtrahier_werk NULL G:/Dropbox/Hobby/Programme/FPGA/Acht_Bit_Addier_Subtrahier_Werk/Addier_Subtrahier_Werk.vhd sub00/vhpl00 1362173255
AR addierer addierer_arch G:/Dropbox/Hobby/Programme/FPGA/Acht_Bit_Addier_Subtrahier_Werk/Addierer.vhd sub00/vhpl02 1362173248
EN acht_bit_addierer NULL G:/Dropbox/Hobby/Programme/FPGA/Acht_Bit_Addier_Subtrahier_Werk/Acht_Bit_Addierer.vhd sub00/vhpl06 1362173253
AR acht_bit_addierer acht_bit_addierer_arch G:/Dropbox/Hobby/Programme/FPGA/Acht_Bit_Addier_Subtrahier_Werk/Acht_Bit_Addierer.vhd sub00/vhpl07 1362173254
