AR magnitude_komparator magnitude_komparator_arch "G:/Dropbox/Hobby/Programme/FPGA/1-Bit Magnitude Komparator/src/Ein_Bit_Magnitude_Komparator/Magnitude_Komparator.vhd" sub00/vhpl01 1362244838
EN magnitude_komparator NULL "G:/Dropbox/Hobby/Programme/FPGA/1-Bit Magnitude Komparator/src/Ein_Bit_Magnitude_Komparator/Magnitude_Komparator.vhd" sub00/vhpl00 1362244837
