V3 3
FL "G:/Dropbox/Hobby/Programme/FPGA/1-Bit Magnitude Komparator/src/Ein_Bit_Magnitude_Komparator/Magnitude_Komparator.vhd" 2013/03/02.18:20:03 P.49d
EN work/Magnitude_Komparator 1362244837 \
      FL "G:/Dropbox/Hobby/Programme/FPGA/1-Bit Magnitude Komparator/src/Ein_Bit_Magnitude_Komparator/Magnitude_Komparator.vhd" \
      PB ieee/std_logic_1164 1354696159
AR work/Magnitude_Komparator/Magnitude_Komparator_Arch 1362244838 \
      FL "G:/Dropbox/Hobby/Programme/FPGA/1-Bit Magnitude Komparator/src/Ein_Bit_Magnitude_Komparator/Magnitude_Komparator.vhd" \
      EN work/Magnitude_Komparator 1362244837
