--------------------------------------------------------------------------------
Release 14.4 Trace  (nt64)
Copyright (c) 1995-2012 Xilinx, Inc.  All rights reserved.

G:\Xilinx\14.4\ISE_DS\ISE\bin\nt64\unwrapped\trce.exe -intstyle ise -v 3 -s 4
-n 3 -fastpaths -xml Multiplizierer.twx Multiplizierer.ncd -o
Multiplizierer.twr Multiplizierer.pcf -ucf Multiplizierer.ucf

Design file:              Multiplizierer.ncd
Physical constraint file: Multiplizierer.pcf
Device,package,speed:     xc3s250e,vq100,-4 (PRODUCTION 1.27 2012-12-04)
Report level:             verbose report

Environment Variable      Effect 
--------------------      ------ 
NONE                      No environment variables were set
--------------------------------------------------------------------------------

INFO:Timing:2698 - No timing constraints found, doing default enumeration.
INFO:Timing:3412 - To improve timing, see the Timing Closure User Guide (UG612).
INFO:Timing:2752 - To get complete path coverage, use the unconstrained paths 
   option. All paths that are not constrained will be reported in the 
   unconstrained paths section(s) of the report.
INFO:Timing:3339 - The clock-to-out numbers in this timing report are based on 
   a 50 Ohm transmission line loading model.  For the details of this model, 
   and for more information on accounting for different loading conditions, 
   please see the device datasheet.
INFO:Timing:3390 - This architecture does not support a default System Jitter 
   value, please add SYSTEM_JITTER constraint to the UCF to modify the Clock 
   Uncertainty calculation.
INFO:Timing:3389 - This architecture does not support 'Discrete Jitter' and 
   'Phase Error' calculations, these terms will be zero in the Clock 
   Uncertainty calculation.  Please make appropriate modification to 
   SYSTEM_JITTER to account for the unsupported Discrete Jitter and Phase 
   Error.



Data Sheet report:
-----------------
All values displayed in nanoseconds (ns)

Pad to Pad
---------------+---------------+---------+
Source Pad     |Destination Pad|  Delay  |
---------------+---------------+---------+
A<0>           |Q<0>           |    8.332|
A<0>           |Q<1>           |    8.405|
A<0>           |Q<2>           |   11.728|
A<0>           |Q<3>           |   12.562|
A<0>           |Q<4>           |   14.017|
A<0>           |Q<5>           |   15.356|
A<0>           |Q<6>           |   17.265|
A<0>           |Q<7>           |   17.014|
A<1>           |Q<1>           |    8.791|
A<1>           |Q<2>           |   10.924|
A<1>           |Q<3>           |   11.758|
A<1>           |Q<4>           |   13.213|
A<1>           |Q<5>           |   14.552|
A<1>           |Q<6>           |   16.461|
A<1>           |Q<7>           |   16.210|
A<2>           |Q<2>           |   11.015|
A<2>           |Q<3>           |   11.599|
A<2>           |Q<4>           |   12.985|
A<2>           |Q<5>           |   14.324|
A<2>           |Q<6>           |   16.233|
A<2>           |Q<7>           |   15.982|
A<3>           |Q<3>           |   10.063|
A<3>           |Q<4>           |   11.844|
A<3>           |Q<5>           |   13.488|
A<3>           |Q<6>           |   15.397|
A<3>           |Q<7>           |   15.146|
B<0>           |Q<0>           |    8.011|
B<0>           |Q<1>           |    8.235|
B<0>           |Q<2>           |   10.669|
B<0>           |Q<3>           |   11.503|
B<0>           |Q<4>           |   12.958|
B<0>           |Q<5>           |   14.297|
B<0>           |Q<6>           |   16.206|
B<0>           |Q<7>           |   15.955|
B<1>           |Q<1>           |    7.845|
B<1>           |Q<2>           |   10.298|
B<1>           |Q<3>           |   11.132|
B<1>           |Q<4>           |   12.587|
B<1>           |Q<5>           |   13.926|
B<1>           |Q<6>           |   15.835|
B<1>           |Q<7>           |   15.584|
B<2>           |Q<2>           |    9.589|
B<2>           |Q<3>           |   10.399|
B<2>           |Q<4>           |   11.982|
B<2>           |Q<5>           |   13.321|
B<2>           |Q<6>           |   15.230|
B<2>           |Q<7>           |   14.979|
B<3>           |Q<3>           |    9.452|
B<3>           |Q<4>           |    9.866|
B<3>           |Q<5>           |   10.994|
B<3>           |Q<6>           |   13.295|
B<3>           |Q<7>           |   13.044|
---------------+---------------+---------+


Analysis completed Sat Mar 02 16:26:18 2013 
--------------------------------------------------------------------------------

Trace Settings:
-------------------------
Trace Settings 

Peak Memory Usage: 156 MB



