Archive member included because of file (symbol)

g:/avr studio/avr toolchain/bin/../lib/gcc/avr/4.5.1/avr5\libgcc.a(_exit.o)
                              g:/avr studio/avr toolchain/bin/../lib/gcc/avr/4.5.1/../../../../avr/lib/avr5/crtm32.o (exit)
g:/avr studio/avr toolchain/bin/../lib/gcc/avr/4.5.1/avr5\libgcc.a(_clear_bss.o)
                              MCP4812.o (__do_clear_bss)
g:/avr studio/avr toolchain/bin/../lib/gcc/avr/4.5.1/avr5\libgcc.a(_fixunssfsi.o)
                              MCP4812.o (__fixunssfsi)
g:/avr studio/avr toolchain/bin/../lib/gcc/avr/4.5.1/avr5\libgcc.a(_addsub_sf.o)
                              g:/avr studio/avr toolchain/bin/../lib/gcc/avr/4.5.1/avr5\libgcc.a(_fixunssfsi.o) (__subsf3)
g:/avr studio/avr toolchain/bin/../lib/gcc/avr/4.5.1/avr5\libgcc.a(_mul_sf.o)
                              MCP4812.o (__mulsf3)
g:/avr studio/avr toolchain/bin/../lib/gcc/avr/4.5.1/avr5\libgcc.a(_div_sf.o)
                              MCP4812.o (__divsf3)
g:/avr studio/avr toolchain/bin/../lib/gcc/avr/4.5.1/avr5\libgcc.a(_gt_sf.o)
                              MCP4812.o (__gtsf2)
g:/avr studio/avr toolchain/bin/../lib/gcc/avr/4.5.1/avr5\libgcc.a(_ge_sf.o)
                              g:/avr studio/avr toolchain/bin/../lib/gcc/avr/4.5.1/avr5\libgcc.a(_fixunssfsi.o) (__gesf2)
g:/avr studio/avr toolchain/bin/../lib/gcc/avr/4.5.1/avr5\libgcc.a(_lt_sf.o)
                              MCP4812.o (__ltsf2)
g:/avr studio/avr toolchain/bin/../lib/gcc/avr/4.5.1/avr5\libgcc.a(_sf_to_si.o)
                              g:/avr studio/avr toolchain/bin/../lib/gcc/avr/4.5.1/avr5\libgcc.a(_fixunssfsi.o) (__fixsfsi)
g:/avr studio/avr toolchain/bin/../lib/gcc/avr/4.5.1/avr5\libgcc.a(_thenan_sf.o)
                              g:/avr studio/avr toolchain/bin/../lib/gcc/avr/4.5.1/avr5\libgcc.a(_addsub_sf.o) (__thenan_sf)
g:/avr studio/avr toolchain/bin/../lib/gcc/avr/4.5.1/avr5\libgcc.a(_prologue.o)
                              g:/avr studio/avr toolchain/bin/../lib/gcc/avr/4.5.1/avr5\libgcc.a(_addsub_sf.o) (__prologue_saves__)
g:/avr studio/avr toolchain/bin/../lib/gcc/avr/4.5.1/avr5\libgcc.a(_epilogue.o)
                              g:/avr studio/avr toolchain/bin/../lib/gcc/avr/4.5.1/avr5\libgcc.a(_addsub_sf.o) (__epilogue_restores__)
g:/avr studio/avr toolchain/bin/../lib/gcc/avr/4.5.1/avr5\libgcc.a(_copy_data.o)
                              g:/avr studio/avr toolchain/bin/../lib/gcc/avr/4.5.1/avr5\libgcc.a(_thenan_sf.o) (__do_copy_data)
g:/avr studio/avr toolchain/bin/../lib/gcc/avr/4.5.1/avr5\libgcc.a(_pack_sf.o)
                              g:/avr studio/avr toolchain/bin/../lib/gcc/avr/4.5.1/avr5\libgcc.a(_addsub_sf.o) (__pack_f)
g:/avr studio/avr toolchain/bin/../lib/gcc/avr/4.5.1/avr5\libgcc.a(_unpack_sf.o)
                              g:/avr studio/avr toolchain/bin/../lib/gcc/avr/4.5.1/avr5\libgcc.a(_addsub_sf.o) (__unpack_f)
g:/avr studio/avr toolchain/bin/../lib/gcc/avr/4.5.1/avr5\libgcc.a(_fpcmp_parts_sf.o)
                              g:/avr studio/avr toolchain/bin/../lib/gcc/avr/4.5.1/avr5\libgcc.a(_gt_sf.o) (__fpcmp_parts_f)

Memory Configuration

Name             Origin             Length             Attributes
text             0x00000000         0x00020000         xr
data             0x00800060         0x0000ffa0         rw !x
eeprom           0x00810000         0x00010000         rw !x
fuse             0x00820000         0x00000400         rw !x
lock             0x00830000         0x00000400         rw !x
signature        0x00840000         0x00000400         rw !x
*default*        0x00000000         0xffffffff

Linker script and memory map

LOAD g:/avr studio/avr toolchain/bin/../lib/gcc/avr/4.5.1/../../../../avr/lib/avr5/crtm32.o
LOAD MCP4812.o
LOAD g:/avr studio/avr toolchain/bin/../lib/gcc/avr/4.5.1/avr5\libgcc.a
LOAD g:/avr studio/avr toolchain/bin/../lib/gcc/avr/4.5.1/../../../../avr/lib/avr5\libc.a
LOAD g:/avr studio/avr toolchain/bin/../lib/gcc/avr/4.5.1/avr5\libgcc.a

.hash
 *(.hash)

.dynsym
 *(.dynsym)

.dynstr
 *(.dynstr)

.gnu.version
 *(.gnu.version)

.gnu.version_d
 *(.gnu.version_d)

.gnu.version_r
 *(.gnu.version_r)

.rel.init
 *(.rel.init)

.rela.init
 *(.rela.init)

.rel.text
 *(.rel.text)
 *(.rel.text.*)
 *(.rel.gnu.linkonce.t*)

.rela.text
 *(.rela.text)
 *(.rela.text.*)
 *(.rela.gnu.linkonce.t*)

.rel.fini
 *(.rel.fini)

.rela.fini
 *(.rela.fini)

.rel.rodata
 *(.rel.rodata)
 *(.rel.rodata.*)
 *(.rel.gnu.linkonce.r*)

.rela.rodata
 *(.rela.rodata)
 *(.rela.rodata.*)
 *(.rela.gnu.linkonce.r*)

.rel.data
 *(.rel.data)
 *(.rel.data.*)
 *(.rel.gnu.linkonce.d*)

.rela.data
 *(.rela.data)
 *(.rela.data.*)
 *(.rela.gnu.linkonce.d*)

.rel.ctors
 *(.rel.ctors)

.rela.ctors
 *(.rela.ctors)

.rel.dtors
 *(.rel.dtors)

.rela.dtors
 *(.rela.dtors)

.rel.got
 *(.rel.got)

.rela.got
 *(.rela.got)

.rel.bss
 *(.rel.bss)

.rela.bss
 *(.rela.bss)

.rel.plt
 *(.rel.plt)

.rela.plt
 *(.rela.plt)

.text           0x00000000     0x11e6
 *(.vectors)
 .vectors       0x00000000       0x54 g:/avr studio/avr toolchain/bin/../lib/gcc/avr/4.5.1/../../../../avr/lib/avr5/crtm32.o
                0x00000000                __vector_default
                0x00000000                __vectors
 *(.vectors)
 *(.progmem.gcc*)
 *(.progmem*)
                0x00000054                . = ALIGN (0x2)
                0x00000054                __trampolines_start = .
 *(.trampolines)
 .trampolines   0x00000054        0x0 linker stubs
 *(.trampolines*)
                0x00000054                __trampolines_end = .
 *(.jumptables)
 *(.jumptables*)
 *(.lowtext)
 *(.lowtext*)
                0x00000054                __ctors_start = .
 *(.ctors)
                0x00000054                __ctors_end = .
                0x00000054                __dtors_start = .
 *(.dtors)
                0x00000054                __dtors_end = .
 SORT(*)(.ctors)
 SORT(*)(.dtors)
 *(.init0)
 .init0         0x00000054        0x0 g:/avr studio/avr toolchain/bin/../lib/gcc/avr/4.5.1/../../../../avr/lib/avr5/crtm32.o
                0x00000054                __init
 *(.init0)
 *(.init1)
 *(.init1)
 *(.init2)
 .init2         0x00000054        0xc g:/avr studio/avr toolchain/bin/../lib/gcc/avr/4.5.1/../../../../avr/lib/avr5/crtm32.o
 *(.init2)
 *(.init3)
 *(.init3)
 *(.init4)
 .init4         0x00000060       0x10 g:/avr studio/avr toolchain/bin/../lib/gcc/avr/4.5.1/avr5\libgcc.a(_clear_bss.o)
                0x00000060                __do_clear_bss
 .init4         0x00000070       0x16 g:/avr studio/avr toolchain/bin/../lib/gcc/avr/4.5.1/avr5\libgcc.a(_copy_data.o)
                0x00000070                __do_copy_data
 *(.init4)
 *(.init5)
 *(.init5)
 *(.init6)
 *(.init6)
 *(.init7)
 *(.init7)
 *(.init8)
 *(.init8)
 *(.init9)
 .init9         0x00000086        0x8 g:/avr studio/avr toolchain/bin/../lib/gcc/avr/4.5.1/../../../../avr/lib/avr5/crtm32.o
 *(.init9)
 *(.text)
 .text          0x0000008e        0x4 g:/avr studio/avr toolchain/bin/../lib/gcc/avr/4.5.1/../../../../avr/lib/avr5/crtm32.o
                0x0000008e                __vector_1
                0x0000008e                __vector_12
                0x0000008e                __bad_interrupt
                0x0000008e                __vector_6
                0x0000008e                __vector_3
                0x0000008e                __vector_11
                0x0000008e                __vector_13
                0x0000008e                __vector_17
                0x0000008e                __vector_19
                0x0000008e                __vector_7
                0x0000008e                __vector_5
                0x0000008e                __vector_4
                0x0000008e                __vector_9
                0x0000008e                __vector_2
                0x0000008e                __vector_15
                0x0000008e                __vector_8
                0x0000008e                __vector_14
                0x0000008e                __vector_10
                0x0000008e                __vector_16
                0x0000008e                __vector_18
                0x0000008e                __vector_20
 .text          0x00000092      0x506 MCP4812.o
                0x00000092                main
                0x00000554                SPI_Init
                0x0000056c                SPI_Send
 .text          0x00000598        0x0 g:/avr studio/avr toolchain/bin/../lib/gcc/avr/4.5.1/avr5\libgcc.a(_exit.o)
 .text          0x00000598        0x0 g:/avr studio/avr toolchain/bin/../lib/gcc/avr/4.5.1/avr5\libgcc.a(_clear_bss.o)
 .text          0x00000598       0x58 g:/avr studio/avr toolchain/bin/../lib/gcc/avr/4.5.1/avr5\libgcc.a(_fixunssfsi.o)
                0x00000598                __fixunssfsi
 .text          0x000005f0      0x350 g:/avr studio/avr toolchain/bin/../lib/gcc/avr/4.5.1/avr5\libgcc.a(_addsub_sf.o)
                0x00000884                __addsf3
                0x000008de                __subsf3
 .text          0x00000940      0x1f4 g:/avr studio/avr toolchain/bin/../lib/gcc/avr/4.5.1/avr5\libgcc.a(_mul_sf.o)
                0x00000940                __mulsf3
 .text          0x00000b34      0x15c g:/avr studio/avr toolchain/bin/../lib/gcc/avr/4.5.1/avr5\libgcc.a(_div_sf.o)
                0x00000b34                __divsf3
 .text          0x00000c90       0x60 g:/avr studio/avr toolchain/bin/../lib/gcc/avr/4.5.1/avr5\libgcc.a(_gt_sf.o)
                0x00000c90                __gtsf2
 .text          0x00000cf0       0x60 g:/avr studio/avr toolchain/bin/../lib/gcc/avr/4.5.1/avr5\libgcc.a(_ge_sf.o)
                0x00000cf0                __gesf2
 .text          0x00000d50       0x60 g:/avr studio/avr toolchain/bin/../lib/gcc/avr/4.5.1/avr5\libgcc.a(_lt_sf.o)
                0x00000d50                __ltsf2
 .text          0x00000db0       0xa4 g:/avr studio/avr toolchain/bin/../lib/gcc/avr/4.5.1/avr5\libgcc.a(_sf_to_si.o)
                0x00000db0                __fixsfsi
 .text          0x00000e54        0x0 g:/avr studio/avr toolchain/bin/../lib/gcc/avr/4.5.1/avr5\libgcc.a(_thenan_sf.o)
 .text          0x00000e54        0x0 g:/avr studio/avr toolchain/bin/../lib/gcc/avr/4.5.1/avr5\libgcc.a(_prologue.o)
 .text          0x00000e54        0x0 g:/avr studio/avr toolchain/bin/../lib/gcc/avr/4.5.1/avr5\libgcc.a(_epilogue.o)
 .text          0x00000e54        0x0 g:/avr studio/avr toolchain/bin/../lib/gcc/avr/4.5.1/avr5\libgcc.a(_copy_data.o)
 .text          0x00000e54      0x19c g:/avr studio/avr toolchain/bin/../lib/gcc/avr/4.5.1/avr5\libgcc.a(_pack_sf.o)
                0x00000e54                __pack_f
 .text          0x00000ff0       0xd2 g:/avr studio/avr toolchain/bin/../lib/gcc/avr/4.5.1/avr5\libgcc.a(_unpack_sf.o)
                0x00000ff0                __unpack_f
 .text          0x000010c2       0xb2 g:/avr studio/avr toolchain/bin/../lib/gcc/avr/4.5.1/avr5\libgcc.a(_fpcmp_parts_sf.o)
                0x000010c2                __fpcmp_parts_f
                0x00001174                . = ALIGN (0x2)
 *(.text.*)
 .text.libgcc   0x00001174        0x0 g:/avr studio/avr toolchain/bin/../lib/gcc/avr/4.5.1/avr5\libgcc.a(_exit.o)
 .text.libgcc   0x00001174        0x0 g:/avr studio/avr toolchain/bin/../lib/gcc/avr/4.5.1/avr5\libgcc.a(_clear_bss.o)
 .text.libgcc   0x00001174       0x38 g:/avr studio/avr toolchain/bin/../lib/gcc/avr/4.5.1/avr5\libgcc.a(_prologue.o)
                0x00001174                __prologue_saves__
 .text.libgcc   0x000011ac       0x36 g:/avr studio/avr toolchain/bin/../lib/gcc/avr/4.5.1/avr5\libgcc.a(_epilogue.o)
                0x000011ac                __epilogue_restores__
 .text.libgcc   0x000011e2        0x0 g:/avr studio/avr toolchain/bin/../lib/gcc/avr/4.5.1/avr5\libgcc.a(_copy_data.o)
                0x000011e2                . = ALIGN (0x2)
 *(.fini9)
 .fini9         0x000011e2        0x0 g:/avr studio/avr toolchain/bin/../lib/gcc/avr/4.5.1/avr5\libgcc.a(_exit.o)
                0x000011e2                _exit
                0x000011e2                exit
 *(.fini9)
 *(.fini8)
 *(.fini8)
 *(.fini7)
 *(.fini7)
 *(.fini6)
 *(.fini6)
 *(.fini5)
 *(.fini5)
 *(.fini4)
 *(.fini4)
 *(.fini3)
 *(.fini3)
 *(.fini2)
 *(.fini2)
 *(.fini1)
 *(.fini1)
 *(.fini0)
 .fini0         0x000011e2        0x4 g:/avr studio/avr toolchain/bin/../lib/gcc/avr/4.5.1/avr5\libgcc.a(_exit.o)
 *(.fini0)
                0x000011e6                _etext = .

.data           0x00800060        0x8 load address 0x000011e6
                0x00800060                PROVIDE (__data_start, .)
 *(.data)
 .data          0x00800060        0x0 g:/avr studio/avr toolchain/bin/../lib/gcc/avr/4.5.1/../../../../avr/lib/avr5/crtm32.o
 .data          0x00800060        0x0 MCP4812.o
 .data          0x00800060        0x0 g:/avr studio/avr toolchain/bin/../lib/gcc/avr/4.5.1/avr5\libgcc.a(_exit.o)
 .data          0x00800060        0x0 g:/avr studio/avr toolchain/bin/../lib/gcc/avr/4.5.1/avr5\libgcc.a(_clear_bss.o)
 .data          0x00800060        0x0 g:/avr studio/avr toolchain/bin/../lib/gcc/avr/4.5.1/avr5\libgcc.a(_fixunssfsi.o)
 .data          0x00800060        0x0 g:/avr studio/avr toolchain/bin/../lib/gcc/avr/4.5.1/avr5\libgcc.a(_addsub_sf.o)
 .data          0x00800060        0x0 g:/avr studio/avr toolchain/bin/../lib/gcc/avr/4.5.1/avr5\libgcc.a(_mul_sf.o)
 .data          0x00800060        0x0 g:/avr studio/avr toolchain/bin/../lib/gcc/avr/4.5.1/avr5\libgcc.a(_div_sf.o)
 .data          0x00800060        0x0 g:/avr studio/avr toolchain/bin/../lib/gcc/avr/4.5.1/avr5\libgcc.a(_gt_sf.o)
 .data          0x00800060        0x0 g:/avr studio/avr toolchain/bin/../lib/gcc/avr/4.5.1/avr5\libgcc.a(_ge_sf.o)
 .data          0x00800060        0x0 g:/avr studio/avr toolchain/bin/../lib/gcc/avr/4.5.1/avr5\libgcc.a(_lt_sf.o)
 .data          0x00800060        0x0 g:/avr studio/avr toolchain/bin/../lib/gcc/avr/4.5.1/avr5\libgcc.a(_sf_to_si.o)
 .data          0x00800060        0x8 g:/avr studio/avr toolchain/bin/../lib/gcc/avr/4.5.1/avr5\libgcc.a(_thenan_sf.o)
                0x00800060                __thenan_sf
 .data          0x00800068        0x0 g:/avr studio/avr toolchain/bin/../lib/gcc/avr/4.5.1/avr5\libgcc.a(_prologue.o)
 .data          0x00800068        0x0 g:/avr studio/avr toolchain/bin/../lib/gcc/avr/4.5.1/avr5\libgcc.a(_epilogue.o)
 .data          0x00800068        0x0 g:/avr studio/avr toolchain/bin/../lib/gcc/avr/4.5.1/avr5\libgcc.a(_copy_data.o)
 .data          0x00800068        0x0 g:/avr studio/avr toolchain/bin/../lib/gcc/avr/4.5.1/avr5\libgcc.a(_pack_sf.o)
 .data          0x00800068        0x0 g:/avr studio/avr toolchain/bin/../lib/gcc/avr/4.5.1/avr5\libgcc.a(_unpack_sf.o)
 .data          0x00800068        0x0 g:/avr studio/avr toolchain/bin/../lib/gcc/avr/4.5.1/avr5\libgcc.a(_fpcmp_parts_sf.o)
 *(.data*)
 *(.rodata)
 *(.rodata*)
 *(.gnu.linkonce.d*)
                0x00800068                . = ALIGN (0x2)
                0x00800068                _edata = .
                0x00800068                PROVIDE (__data_end, .)

.bss            0x00800068        0x1
                0x00800068                PROVIDE (__bss_start, .)
 *(.bss)
 .bss           0x00800068        0x0 g:/avr studio/avr toolchain/bin/../lib/gcc/avr/4.5.1/../../../../avr/lib/avr5/crtm32.o
 .bss           0x00800068        0x1 MCP4812.o
                0x00800068                Daten
 .bss           0x00800069        0x0 g:/avr studio/avr toolchain/bin/../lib/gcc/avr/4.5.1/avr5\libgcc.a(_exit.o)
 .bss           0x00800069        0x0 g:/avr studio/avr toolchain/bin/../lib/gcc/avr/4.5.1/avr5\libgcc.a(_clear_bss.o)
 .bss           0x00800069        0x0 g:/avr studio/avr toolchain/bin/../lib/gcc/avr/4.5.1/avr5\libgcc.a(_fixunssfsi.o)
 .bss           0x00800069        0x0 g:/avr studio/avr toolchain/bin/../lib/gcc/avr/4.5.1/avr5\libgcc.a(_addsub_sf.o)
 .bss           0x00800069        0x0 g:/avr studio/avr toolchain/bin/../lib/gcc/avr/4.5.1/avr5\libgcc.a(_mul_sf.o)
 .bss           0x00800069        0x0 g:/avr studio/avr toolchain/bin/../lib/gcc/avr/4.5.1/avr5\libgcc.a(_div_sf.o)
 .bss           0x00800069        0x0 g:/avr studio/avr toolchain/bin/../lib/gcc/avr/4.5.1/avr5\libgcc.a(_gt_sf.o)
 .bss           0x00800069        0x0 g:/avr studio/avr toolchain/bin/../lib/gcc/avr/4.5.1/avr5\libgcc.a(_ge_sf.o)
 .bss           0x00800069        0x0 g:/avr studio/avr toolchain/bin/../lib/gcc/avr/4.5.1/avr5\libgcc.a(_lt_sf.o)
 .bss           0x00800069        0x0 g:/avr studio/avr toolchain/bin/../lib/gcc/avr/4.5.1/avr5\libgcc.a(_sf_to_si.o)
 .bss           0x00800069        0x0 g:/avr studio/avr toolchain/bin/../lib/gcc/avr/4.5.1/avr5\libgcc.a(_thenan_sf.o)
 .bss           0x00800069        0x0 g:/avr studio/avr toolchain/bin/../lib/gcc/avr/4.5.1/avr5\libgcc.a(_prologue.o)
 .bss           0x00800069        0x0 g:/avr studio/avr toolchain/bin/../lib/gcc/avr/4.5.1/avr5\libgcc.a(_epilogue.o)
 .bss           0x00800069        0x0 g:/avr studio/avr toolchain/bin/../lib/gcc/avr/4.5.1/avr5\libgcc.a(_copy_data.o)
 .bss           0x00800069        0x0 g:/avr studio/avr toolchain/bin/../lib/gcc/avr/4.5.1/avr5\libgcc.a(_pack_sf.o)
 .bss           0x00800069        0x0 g:/avr studio/avr toolchain/bin/../lib/gcc/avr/4.5.1/avr5\libgcc.a(_unpack_sf.o)
 .bss           0x00800069        0x0 g:/avr studio/avr toolchain/bin/../lib/gcc/avr/4.5.1/avr5\libgcc.a(_fpcmp_parts_sf.o)
 *(.bss*)
 *(COMMON)
                0x00800069                PROVIDE (__bss_end, .)
                0x000011e6                __data_load_start = LOADADDR (.data)
                0x000011ee                __data_load_end = (__data_load_start + SIZEOF (.data))

.noinit         0x00800069        0x0
                0x00800069                PROVIDE (__noinit_start, .)
 *(.noinit*)
                0x00800069                PROVIDE (__noinit_end, .)
                0x00800069                _end = .
                0x00800069                PROVIDE (__heap_start, .)

.eeprom         0x00810000        0x0
 *(.eeprom*)
                0x00810000                __eeprom_end = .

.fuse
 *(.fuse)
 *(.lfuse)
 *(.hfuse)
 *(.efuse)

.lock
 *(.lock*)

.signature
 *(.signature*)

.stab           0x00000000      0x6cc
 *(.stab)
 .stab          0x00000000      0x6cc g:/avr studio/avr toolchain/bin/../lib/gcc/avr/4.5.1/../../../../avr/lib/avr5/crtm32.o

.stabstr        0x00000000       0x85
 *(.stabstr)
 .stabstr       0x00000000       0x85 g:/avr studio/avr toolchain/bin/../lib/gcc/avr/4.5.1/../../../../avr/lib/avr5/crtm32.o

.stab.excl
 *(.stab.excl)

.stab.exclstr
 *(.stab.exclstr)

.stab.index
 *(.stab.index)

.stab.indexstr
 *(.stab.indexstr)

.comment
 *(.comment)

.debug
 *(.debug)

.line
 *(.line)

.debug_srcinfo
 *(.debug_srcinfo)

.debug_sfnames
 *(.debug_sfnames)

.debug_aranges  0x00000000      0x180
 *(.debug_aranges)
 .debug_aranges
                0x00000000       0x20 MCP4812.o
 .debug_aranges
                0x00000020       0x20 g:/avr studio/avr toolchain/bin/../lib/gcc/avr/4.5.1/avr5\libgcc.a(_fixunssfsi.o)
 .debug_aranges
                0x00000040       0x20 g:/avr studio/avr toolchain/bin/../lib/gcc/avr/4.5.1/avr5\libgcc.a(_addsub_sf.o)
 .debug_aranges
                0x00000060       0x20 g:/avr studio/avr toolchain/bin/../lib/gcc/avr/4.5.1/avr5\libgcc.a(_mul_sf.o)
 .debug_aranges
                0x00000080       0x20 g:/avr studio/avr toolchain/bin/../lib/gcc/avr/4.5.1/avr5\libgcc.a(_div_sf.o)
 .debug_aranges
                0x000000a0       0x20 g:/avr studio/avr toolchain/bin/../lib/gcc/avr/4.5.1/avr5\libgcc.a(_gt_sf.o)
 .debug_aranges
                0x000000c0       0x20 g:/avr studio/avr toolchain/bin/../lib/gcc/avr/4.5.1/avr5\libgcc.a(_ge_sf.o)
 .debug_aranges
                0x000000e0       0x20 g:/avr studio/avr toolchain/bin/../lib/gcc/avr/4.5.1/avr5\libgcc.a(_lt_sf.o)
 .debug_aranges
                0x00000100       0x20 g:/avr studio/avr toolchain/bin/../lib/gcc/avr/4.5.1/avr5\libgcc.a(_sf_to_si.o)
 .debug_aranges
                0x00000120       0x20 g:/avr studio/avr toolchain/bin/../lib/gcc/avr/4.5.1/avr5\libgcc.a(_pack_sf.o)
 .debug_aranges
                0x00000140       0x20 g:/avr studio/avr toolchain/bin/../lib/gcc/avr/4.5.1/avr5\libgcc.a(_unpack_sf.o)
 .debug_aranges
                0x00000160       0x20 g:/avr studio/avr toolchain/bin/../lib/gcc/avr/4.5.1/avr5\libgcc.a(_fpcmp_parts_sf.o)

.debug_pubnames
                0x00000000      0x1ce
 *(.debug_pubnames)
 .debug_pubnames
                0x00000000       0x3f MCP4812.o
 .debug_pubnames
                0x0000003f       0x23 g:/avr studio/avr toolchain/bin/../lib/gcc/avr/4.5.1/avr5\libgcc.a(_fixunssfsi.o)
 .debug_pubnames
                0x00000062       0x2c g:/avr studio/avr toolchain/bin/../lib/gcc/avr/4.5.1/avr5\libgcc.a(_addsub_sf.o)
 .debug_pubnames
                0x0000008e       0x1f g:/avr studio/avr toolchain/bin/../lib/gcc/avr/4.5.1/avr5\libgcc.a(_mul_sf.o)
 .debug_pubnames
                0x000000ad       0x1f g:/avr studio/avr toolchain/bin/../lib/gcc/avr/4.5.1/avr5\libgcc.a(_div_sf.o)
 .debug_pubnames
                0x000000cc       0x1e g:/avr studio/avr toolchain/bin/../lib/gcc/avr/4.5.1/avr5\libgcc.a(_gt_sf.o)
 .debug_pubnames
                0x000000ea       0x1e g:/avr studio/avr toolchain/bin/../lib/gcc/avr/4.5.1/avr5\libgcc.a(_ge_sf.o)
 .debug_pubnames
                0x00000108       0x1e g:/avr studio/avr toolchain/bin/../lib/gcc/avr/4.5.1/avr5\libgcc.a(_lt_sf.o)
 .debug_pubnames
                0x00000126       0x20 g:/avr studio/avr toolchain/bin/../lib/gcc/avr/4.5.1/avr5\libgcc.a(_sf_to_si.o)
 .debug_pubnames
                0x00000146       0x22 g:/avr studio/avr toolchain/bin/../lib/gcc/avr/4.5.1/avr5\libgcc.a(_thenan_sf.o)
 .debug_pubnames
                0x00000168       0x1f g:/avr studio/avr toolchain/bin/../lib/gcc/avr/4.5.1/avr5\libgcc.a(_pack_sf.o)
 .debug_pubnames
                0x00000187       0x21 g:/avr studio/avr toolchain/bin/../lib/gcc/avr/4.5.1/avr5\libgcc.a(_unpack_sf.o)
 .debug_pubnames
                0x000001a8       0x26 g:/avr studio/avr toolchain/bin/../lib/gcc/avr/4.5.1/avr5\libgcc.a(_fpcmp_parts_sf.o)

.debug_info     0x00000000     0x22a5
 *(.debug_info)
 .debug_info    0x00000000      0x361 MCP4812.o
 .debug_info    0x00000361       0xbd g:/avr studio/avr toolchain/bin/../lib/gcc/avr/4.5.1/avr5\libgcc.a(_fixunssfsi.o)
 .debug_info    0x0000041e      0x455 g:/avr studio/avr toolchain/bin/../lib/gcc/avr/4.5.1/avr5\libgcc.a(_addsub_sf.o)
 .debug_info    0x00000873      0x3ec g:/avr studio/avr toolchain/bin/../lib/gcc/avr/4.5.1/avr5\libgcc.a(_mul_sf.o)
 .debug_info    0x00000c5f      0x37f g:/avr studio/avr toolchain/bin/../lib/gcc/avr/4.5.1/avr5\libgcc.a(_div_sf.o)
 .debug_info    0x00000fde      0x28a g:/avr studio/avr toolchain/bin/../lib/gcc/avr/4.5.1/avr5\libgcc.a(_gt_sf.o)
 .debug_info    0x00001268      0x28a g:/avr studio/avr toolchain/bin/../lib/gcc/avr/4.5.1/avr5\libgcc.a(_ge_sf.o)
 .debug_info    0x000014f2      0x28a g:/avr studio/avr toolchain/bin/../lib/gcc/avr/4.5.1/avr5\libgcc.a(_lt_sf.o)
 .debug_info    0x0000177c      0x2a5 g:/avr studio/avr toolchain/bin/../lib/gcc/avr/4.5.1/avr5\libgcc.a(_sf_to_si.o)
 .debug_info    0x00001a21      0x15e g:/avr studio/avr toolchain/bin/../lib/gcc/avr/4.5.1/avr5\libgcc.a(_thenan_sf.o)
 .debug_info    0x00001b7f      0x2d9 g:/avr studio/avr toolchain/bin/../lib/gcc/avr/4.5.1/avr5\libgcc.a(_pack_sf.o)
 .debug_info    0x00001e58      0x25c g:/avr studio/avr toolchain/bin/../lib/gcc/avr/4.5.1/avr5\libgcc.a(_unpack_sf.o)
 .debug_info    0x000020b4      0x1f1 g:/avr studio/avr toolchain/bin/../lib/gcc/avr/4.5.1/avr5\libgcc.a(_fpcmp_parts_sf.o)
 *(.gnu.linkonce.wi.*)

.debug_abbrev   0x00000000     0x10b3
 *(.debug_abbrev)
 .debug_abbrev  0x00000000      0x111 MCP4812.o
 .debug_abbrev  0x00000111       0x5d g:/avr studio/avr toolchain/bin/../lib/gcc/avr/4.5.1/avr5\libgcc.a(_fixunssfsi.o)
 .debug_abbrev  0x0000016e      0x1af g:/avr studio/avr toolchain/bin/../lib/gcc/avr/4.5.1/avr5\libgcc.a(_addsub_sf.o)
 .debug_abbrev  0x0000031d      0x1d9 g:/avr studio/avr toolchain/bin/../lib/gcc/avr/4.5.1/avr5\libgcc.a(_mul_sf.o)
 .debug_abbrev  0x000004f6      0x1c4 g:/avr studio/avr toolchain/bin/../lib/gcc/avr/4.5.1/avr5\libgcc.a(_div_sf.o)
 .debug_abbrev  0x000006ba      0x151 g:/avr studio/avr toolchain/bin/../lib/gcc/avr/4.5.1/avr5\libgcc.a(_gt_sf.o)
 .debug_abbrev  0x0000080b      0x151 g:/avr studio/avr toolchain/bin/../lib/gcc/avr/4.5.1/avr5\libgcc.a(_ge_sf.o)
 .debug_abbrev  0x0000095c      0x151 g:/avr studio/avr toolchain/bin/../lib/gcc/avr/4.5.1/avr5\libgcc.a(_lt_sf.o)
 .debug_abbrev  0x00000aad      0x160 g:/avr studio/avr toolchain/bin/../lib/gcc/avr/4.5.1/avr5\libgcc.a(_sf_to_si.o)
 .debug_abbrev  0x00000c0d       0xcb g:/avr studio/avr toolchain/bin/../lib/gcc/avr/4.5.1/avr5\libgcc.a(_thenan_sf.o)
 .debug_abbrev  0x00000cd8      0x185 g:/avr studio/avr toolchain/bin/../lib/gcc/avr/4.5.1/avr5\libgcc.a(_pack_sf.o)
 .debug_abbrev  0x00000e5d      0x14b g:/avr studio/avr toolchain/bin/../lib/gcc/avr/4.5.1/avr5\libgcc.a(_unpack_sf.o)
 .debug_abbrev  0x00000fa8      0x10b g:/avr studio/avr toolchain/bin/../lib/gcc/avr/4.5.1/avr5\libgcc.a(_fpcmp_parts_sf.o)

.debug_line     0x00000000     0x158d
 *(.debug_line)
 .debug_line    0x00000000      0x359 MCP4812.o
 .debug_line    0x00000359       0xc9 g:/avr studio/avr toolchain/bin/../lib/gcc/avr/4.5.1/avr5\libgcc.a(_fixunssfsi.o)
 .debug_line    0x00000422      0x2ee g:/avr studio/avr toolchain/bin/../lib/gcc/avr/4.5.1/avr5\libgcc.a(_addsub_sf.o)
 .debug_line    0x00000710      0x28a g:/avr studio/avr toolchain/bin/../lib/gcc/avr/4.5.1/avr5\libgcc.a(_mul_sf.o)
 .debug_line    0x0000099a      0x210 g:/avr studio/avr toolchain/bin/../lib/gcc/avr/4.5.1/avr5\libgcc.a(_div_sf.o)
 .debug_line    0x00000baa      0x105 g:/avr studio/avr toolchain/bin/../lib/gcc/avr/4.5.1/avr5\libgcc.a(_gt_sf.o)
 .debug_line    0x00000caf      0x105 g:/avr studio/avr toolchain/bin/../lib/gcc/avr/4.5.1/avr5\libgcc.a(_ge_sf.o)
 .debug_line    0x00000db4      0x105 g:/avr studio/avr toolchain/bin/../lib/gcc/avr/4.5.1/avr5\libgcc.a(_lt_sf.o)
 .debug_line    0x00000eb9      0x13f g:/avr studio/avr toolchain/bin/../lib/gcc/avr/4.5.1/avr5\libgcc.a(_sf_to_si.o)
 .debug_line    0x00000ff8       0xb2 g:/avr studio/avr toolchain/bin/../lib/gcc/avr/4.5.1/avr5\libgcc.a(_thenan_sf.o)
 .debug_line    0x000010aa      0x1f5 g:/avr studio/avr toolchain/bin/../lib/gcc/avr/4.5.1/avr5\libgcc.a(_pack_sf.o)
 .debug_line    0x0000129f      0x175 g:/avr studio/avr toolchain/bin/../lib/gcc/avr/4.5.1/avr5\libgcc.a(_unpack_sf.o)
 .debug_line    0x00001414      0x179 g:/avr studio/avr toolchain/bin/../lib/gcc/avr/4.5.1/avr5\libgcc.a(_fpcmp_parts_sf.o)

.debug_frame    0x00000000      0x1c0
 *(.debug_frame)
 .debug_frame   0x00000000       0x40 MCP4812.o
 .debug_frame   0x00000040       0x20 g:/avr studio/avr toolchain/bin/../lib/gcc/avr/4.5.1/avr5\libgcc.a(_fixunssfsi.o)
 .debug_frame   0x00000060       0x40 g:/avr studio/avr toolchain/bin/../lib/gcc/avr/4.5.1/avr5\libgcc.a(_addsub_sf.o)
 .debug_frame   0x000000a0       0x20 g:/avr studio/avr toolchain/bin/../lib/gcc/avr/4.5.1/avr5\libgcc.a(_mul_sf.o)
 .debug_frame   0x000000c0       0x20 g:/avr studio/avr toolchain/bin/../lib/gcc/avr/4.5.1/avr5\libgcc.a(_div_sf.o)
 .debug_frame   0x000000e0       0x20 g:/avr studio/avr toolchain/bin/../lib/gcc/avr/4.5.1/avr5\libgcc.a(_gt_sf.o)
 .debug_frame   0x00000100       0x20 g:/avr studio/avr toolchain/bin/../lib/gcc/avr/4.5.1/avr5\libgcc.a(_ge_sf.o)
 .debug_frame   0x00000120       0x20 g:/avr studio/avr toolchain/bin/../lib/gcc/avr/4.5.1/avr5\libgcc.a(_lt_sf.o)
 .debug_frame   0x00000140       0x20 g:/avr studio/avr toolchain/bin/../lib/gcc/avr/4.5.1/avr5\libgcc.a(_sf_to_si.o)
 .debug_frame   0x00000160       0x20 g:/avr studio/avr toolchain/bin/../lib/gcc/avr/4.5.1/avr5\libgcc.a(_pack_sf.o)
 .debug_frame   0x00000180       0x20 g:/avr studio/avr toolchain/bin/../lib/gcc/avr/4.5.1/avr5\libgcc.a(_unpack_sf.o)
 .debug_frame   0x000001a0       0x20 g:/avr studio/avr toolchain/bin/../lib/gcc/avr/4.5.1/avr5\libgcc.a(_fpcmp_parts_sf.o)

.debug_str      0x00000000      0x402
 *(.debug_str)
 .debug_str     0x00000000      0x120 MCP4812.o
                                0x159 (size before relaxing)
 .debug_str     0x00000120       0xd7 g:/avr studio/avr toolchain/bin/../lib/gcc/avr/4.5.1/avr5\libgcc.a(_fixunssfsi.o)
                                0x15c (size before relaxing)
 .debug_str     0x000001f7      0x155 g:/avr studio/avr toolchain/bin/../lib/gcc/avr/4.5.1/avr5\libgcc.a(_addsub_sf.o)
                                0x243 (size before relaxing)
 .debug_str     0x0000034c       0x27 g:/avr studio/avr toolchain/bin/../lib/gcc/avr/4.5.1/avr5\libgcc.a(_mul_sf.o)
                                0x1fc (size before relaxing)
 .debug_str     0x00000373       0x35 g:/avr studio/avr toolchain/bin/../lib/gcc/avr/4.5.1/avr5\libgcc.a(_div_sf.o)
                                0x205 (size before relaxing)
 .debug_str     0x000003a8        0xf g:/avr studio/avr toolchain/bin/../lib/gcc/avr/4.5.1/avr5\libgcc.a(_gt_sf.o)
                                0x1ca (size before relaxing)
 .debug_str     0x000003b7        0x8 g:/avr studio/avr toolchain/bin/../lib/gcc/avr/4.5.1/avr5\libgcc.a(_ge_sf.o)
                                0x1ca (size before relaxing)
 .debug_str     0x000003bf        0x8 g:/avr studio/avr toolchain/bin/../lib/gcc/avr/4.5.1/avr5\libgcc.a(_lt_sf.o)
                                0x1ca (size before relaxing)
 .debug_str     0x000003c7        0xa g:/avr studio/avr toolchain/bin/../lib/gcc/avr/4.5.1/avr5\libgcc.a(_sf_to_si.o)
                                0x1d3 (size before relaxing)
 .debug_str     0x00000000      0x175 g:/avr studio/avr toolchain/bin/../lib/gcc/avr/4.5.1/avr5\libgcc.a(_thenan_sf.o)
 .debug_str     0x000003d1       0x16 g:/avr studio/avr toolchain/bin/../lib/gcc/avr/4.5.1/avr5\libgcc.a(_pack_sf.o)
                                0x1d2 (size before relaxing)
 .debug_str     0x000003e7        0xb g:/avr studio/avr toolchain/bin/../lib/gcc/avr/4.5.1/avr5\libgcc.a(_unpack_sf.o)
                                0x1b4 (size before relaxing)
 .debug_str     0x000003f2       0x10 g:/avr studio/avr toolchain/bin/../lib/gcc/avr/4.5.1/avr5\libgcc.a(_fpcmp_parts_sf.o)
                                0x198 (size before relaxing)

.debug_loc      0x00000000      0xc25
 *(.debug_loc)
 .debug_loc     0x00000000       0x34 g:/avr studio/avr toolchain/bin/../lib/gcc/avr/4.5.1/avr5\libgcc.a(_fixunssfsi.o)
 .debug_loc     0x00000034      0x31d g:/avr studio/avr toolchain/bin/../lib/gcc/avr/4.5.1/avr5\libgcc.a(_addsub_sf.o)
 .debug_loc     0x00000351      0x2a4 g:/avr studio/avr toolchain/bin/../lib/gcc/avr/4.5.1/avr5\libgcc.a(_mul_sf.o)
 .debug_loc     0x000005f5      0x1ac g:/avr studio/avr toolchain/bin/../lib/gcc/avr/4.5.1/avr5\libgcc.a(_div_sf.o)
 .debug_loc     0x000007a1       0x48 g:/avr studio/avr toolchain/bin/../lib/gcc/avr/4.5.1/avr5\libgcc.a(_gt_sf.o)
 .debug_loc     0x000007e9       0x48 g:/avr studio/avr toolchain/bin/../lib/gcc/avr/4.5.1/avr5\libgcc.a(_ge_sf.o)
 .debug_loc     0x00000831       0x48 g:/avr studio/avr toolchain/bin/../lib/gcc/avr/4.5.1/avr5\libgcc.a(_lt_sf.o)
 .debug_loc     0x00000879       0x56 g:/avr studio/avr toolchain/bin/../lib/gcc/avr/4.5.1/avr5\libgcc.a(_sf_to_si.o)
 .debug_loc     0x000008cf      0x1f5 g:/avr studio/avr toolchain/bin/../lib/gcc/avr/4.5.1/avr5\libgcc.a(_pack_sf.o)
 .debug_loc     0x00000ac4      0x111 g:/avr studio/avr toolchain/bin/../lib/gcc/avr/4.5.1/avr5\libgcc.a(_unpack_sf.o)
 .debug_loc     0x00000bd5       0x50 g:/avr studio/avr toolchain/bin/../lib/gcc/avr/4.5.1/avr5\libgcc.a(_fpcmp_parts_sf.o)

.debug_macinfo
 *(.debug_macinfo)
OUTPUT(MCP4812.elf elf32-avr)
LOAD linker stubs

.debug_pubtypes
                0x00000000      0x60e
 .debug_pubtypes
                0x00000000       0x2b MCP4812.o
 .debug_pubtypes
                0x0000002b       0x34 g:/avr studio/avr toolchain/bin/../lib/gcc/avr/4.5.1/avr5\libgcc.a(_fixunssfsi.o)
 .debug_pubtypes
                0x0000005f       0x9d g:/avr studio/avr toolchain/bin/../lib/gcc/avr/4.5.1/avr5\libgcc.a(_addsub_sf.o)
 .debug_pubtypes
                0x000000fc       0x86 g:/avr studio/avr toolchain/bin/../lib/gcc/avr/4.5.1/avr5\libgcc.a(_mul_sf.o)
 .debug_pubtypes
                0x00000182       0x86 g:/avr studio/avr toolchain/bin/../lib/gcc/avr/4.5.1/avr5\libgcc.a(_div_sf.o)
 .debug_pubtypes
                0x00000208       0x91 g:/avr studio/avr toolchain/bin/../lib/gcc/avr/4.5.1/avr5\libgcc.a(_gt_sf.o)
 .debug_pubtypes
                0x00000299       0x91 g:/avr studio/avr toolchain/bin/../lib/gcc/avr/4.5.1/avr5\libgcc.a(_ge_sf.o)
 .debug_pubtypes
                0x0000032a       0x91 g:/avr studio/avr toolchain/bin/../lib/gcc/avr/4.5.1/avr5\libgcc.a(_lt_sf.o)
 .debug_pubtypes
                0x000003bb       0x91 g:/avr studio/avr toolchain/bin/../lib/gcc/avr/4.5.1/avr5\libgcc.a(_sf_to_si.o)
 .debug_pubtypes
                0x0000044c       0x5b g:/avr studio/avr toolchain/bin/../lib/gcc/avr/4.5.1/avr5\libgcc.a(_thenan_sf.o)
 .debug_pubtypes
                0x000004a7       0x86 g:/avr studio/avr toolchain/bin/../lib/gcc/avr/4.5.1/avr5\libgcc.a(_pack_sf.o)
 .debug_pubtypes
                0x0000052d       0x86 g:/avr studio/avr toolchain/bin/../lib/gcc/avr/4.5.1/avr5\libgcc.a(_unpack_sf.o)
 .debug_pubtypes
                0x000005b3       0x5b g:/avr studio/avr toolchain/bin/../lib/gcc/avr/4.5.1/avr5\libgcc.a(_fpcmp_parts_sf.o)

.debug_ranges   0x00000000       0x68
 .debug_ranges  0x00000000       0x30 g:/avr studio/avr toolchain/bin/../lib/gcc/avr/4.5.1/avr5\libgcc.a(_mul_sf.o)
 .debug_ranges  0x00000030       0x38 g:/avr studio/avr toolchain/bin/../lib/gcc/avr/4.5.1/avr5\libgcc.a(_div_sf.o)
