V3 3
FL G:/Dropbox/Hobby/Programme/FPGA/Ein_Bit_Komparator/Modul.vhd 2013/02/24.15:54:15 P.49d
EN work/Komparator 1361792393 \
      FL G:/Dropbox/Hobby/Programme/FPGA/Ein_Bit_Komparator/Modul.vhd \
      PB ieee/std_logic_1164 1354696159
AR work/Komparator/Komparator_Arch 1361792394 \
      FL G:/Dropbox/Hobby/Programme/FPGA/Ein_Bit_Komparator/Modul.vhd \
      EN work/Komparator 1361792393
