#-----------------------------------------------------------
# PlanAhead v14.4 (64-bit)
# Build 222254 by xbuild on Tue Dec 18 05:21:09 MST 2012
# Start of session at: Sat Mar 02 17:42:34 2013
# Process ID: 6488
# Log file: G:/Dropbox/Hobby/Programme/FPGA/1-Bit Magnitude Komparator/src/Ein_Bit_Magnitude_Komparator/planAhead_run_1/planAhead.log
# Journal file: G:/Dropbox/Hobby/Programme/FPGA/1-Bit Magnitude Komparator/src/Ein_Bit_Magnitude_Komparator/planAhead_run_1/planAhead.jou
#-----------------------------------------------------------
start_gui
source {G:/Dropbox/Hobby/Programme/FPGA/1-Bit Magnitude Komparator/src/Ein_Bit_Magnitude_Komparator/pa.fromNetlist.tcl}
startgroup
set_property package_pin P85 [get_ports A]
endgroup
set_property package_pin "" [get_ports [list  Q1]]
startgroup
set_property package_pin P86 [get_ports B]
endgroup
startgroup
set_property package_pin P94 [get_ports Q1]
endgroup
startgroup
set_property package_pin P85 [get_ports A]
endgroup
startgroup
set_property package_pin P90 [get_ports Q1]
endgroup
startgroup
set_property package_pin P94 [get_ports Q2]
endgroup
startgroup
set_property package_pin P91 [get_ports Q3]
endgroup
set_property iostandard LVCMOS33 [get_ports [list A]]
set_property iostandard LVCMOS33 [get_ports [list B]]
set_property iostandard LVCMOS33 [get_ports [list Q1]]
set_property iostandard LVCMOS33 [get_ports [list Q2]]
set_property iostandard LVCMOS33 [get_ports [list Q3]]
set_property pulltype PULLDOWN [get_ports [list A]]
set_property pulltype PULLDOWN [get_ports [list B]]
save_constraints
