--------------------------------------------------------------------------------
Release 14.4 Trace  (nt64)
Copyright (c) 1995-2012 Xilinx, Inc.  All rights reserved.

G:\Xilinx\14.4\ISE_DS\ISE\bin\nt64\unwrapped\trce.exe -intstyle ise -v 3 -s 4
-n 3 -fastpaths -xml Addier_Subtrahier_Werk.twx Addier_Subtrahier_Werk.ncd -o
Addier_Subtrahier_Werk.twr Addier_Subtrahier_Werk.pcf -ucf
Addier_Subtrahier_Werk.ucf

Design file:              Addier_Subtrahier_Werk.ncd
Physical constraint file: Addier_Subtrahier_Werk.pcf
Device,package,speed:     xc3s250e,vq100,-4 (PRODUCTION 1.27 2012-12-04)
Report level:             verbose report

Environment Variable      Effect 
--------------------      ------ 
NONE                      No environment variables were set
--------------------------------------------------------------------------------

INFO:Timing:2698 - No timing constraints found, doing default enumeration.
INFO:Timing:3412 - To improve timing, see the Timing Closure User Guide (UG612).
INFO:Timing:2752 - To get complete path coverage, use the unconstrained paths 
   option. All paths that are not constrained will be reported in the 
   unconstrained paths section(s) of the report.
INFO:Timing:3339 - The clock-to-out numbers in this timing report are based on 
   a 50 Ohm transmission line loading model.  For the details of this model, 
   and for more information on accounting for different loading conditions, 
   please see the device datasheet.
INFO:Timing:3390 - This architecture does not support a default System Jitter 
   value, please add SYSTEM_JITTER constraint to the UCF to modify the Clock 
   Uncertainty calculation.
INFO:Timing:3389 - This architecture does not support 'Discrete Jitter' and 
   'Phase Error' calculations, these terms will be zero in the Clock 
   Uncertainty calculation.  Please make appropriate modification to 
   SYSTEM_JITTER to account for the unsupported Discrete Jitter and Phase 
   Error.



Data Sheet report:
-----------------
All values displayed in nanoseconds (ns)

Pad to Pad
---------------+---------------+---------+
Source Pad     |Destination Pad|  Delay  |
---------------+---------------+---------+
A<0>           |CarryOut       |   16.260|
A<0>           |Q<0>           |    8.771|
A<0>           |Q<1>           |    9.248|
A<0>           |Q<2>           |   10.937|
A<0>           |Q<3>           |   12.055|
A<0>           |Q<4>           |   12.911|
A<0>           |Q<5>           |   14.479|
A<0>           |Q<6>           |   15.103|
A<0>           |Q<7>           |   15.749|
A<1>           |CarryOut       |   15.595|
A<1>           |Q<1>           |    8.525|
A<1>           |Q<2>           |   10.272|
A<1>           |Q<3>           |   11.390|
A<1>           |Q<4>           |   12.246|
A<1>           |Q<5>           |   13.814|
A<1>           |Q<6>           |   14.438|
A<1>           |Q<7>           |   15.084|
A<2>           |CarryOut       |   14.869|
A<2>           |Q<2>           |    9.418|
A<2>           |Q<3>           |   10.664|
A<2>           |Q<4>           |   11.520|
A<2>           |Q<5>           |   13.088|
A<2>           |Q<6>           |   13.712|
A<2>           |Q<7>           |   14.358|
A<3>           |CarryOut       |   14.049|
A<3>           |Q<3>           |    9.187|
A<3>           |Q<4>           |   10.700|
A<3>           |Q<5>           |   12.268|
A<3>           |Q<6>           |   12.892|
A<3>           |Q<7>           |   13.538|
A<4>           |CarryOut       |   11.883|
A<4>           |Q<4>           |    9.865|
A<4>           |Q<5>           |   10.102|
A<4>           |Q<6>           |   10.726|
A<4>           |Q<7>           |   11.372|
A<5>           |CarryOut       |   11.472|
A<5>           |Q<5>           |    9.681|
A<5>           |Q<6>           |   10.315|
A<5>           |Q<7>           |   10.961|
A<6>           |CarryOut       |   10.113|
A<6>           |Q<6>           |    8.887|
A<6>           |Q<7>           |    9.602|
A<7>           |CarryOut       |    9.730|
A<7>           |Q<7>           |    9.231|
B<0>           |CarryOut       |   16.717|
B<0>           |Q<0>           |    7.762|
B<0>           |Q<1>           |    9.705|
B<0>           |Q<2>           |   11.394|
B<0>           |Q<3>           |   12.512|
B<0>           |Q<4>           |   13.368|
B<0>           |Q<5>           |   14.936|
B<0>           |Q<6>           |   15.560|
B<0>           |Q<7>           |   16.206|
B<1>           |CarryOut       |   16.090|
B<1>           |Q<1>           |    9.203|
B<1>           |Q<2>           |   10.767|
B<1>           |Q<3>           |   11.885|
B<1>           |Q<4>           |   12.741|
B<1>           |Q<5>           |   14.309|
B<1>           |Q<6>           |   14.933|
B<1>           |Q<7>           |   15.579|
B<2>           |CarryOut       |   14.379|
B<2>           |Q<2>           |    8.947|
B<2>           |Q<3>           |   10.174|
B<2>           |Q<4>           |   11.030|
B<2>           |Q<5>           |   12.598|
B<2>           |Q<6>           |   13.222|
B<2>           |Q<7>           |   13.868|
B<3>           |CarryOut       |   13.608|
B<3>           |Q<3>           |    8.515|
B<3>           |Q<4>           |   10.259|
B<3>           |Q<5>           |   11.827|
B<3>           |Q<6>           |   12.451|
B<3>           |Q<7>           |   13.097|
B<4>           |CarryOut       |   11.847|
B<4>           |Q<4>           |    9.656|
B<4>           |Q<5>           |   10.066|
B<4>           |Q<6>           |   10.690|
B<4>           |Q<7>           |   11.336|
B<5>           |CarryOut       |   11.094|
B<5>           |Q<5>           |    8.828|
B<5>           |Q<6>           |    9.937|
B<5>           |Q<7>           |   10.583|
B<6>           |CarryOut       |    9.635|
B<6>           |Q<6>           |    8.401|
B<6>           |Q<7>           |    9.124|
B<7>           |CarryOut       |    9.026|
B<7>           |Q<7>           |    8.358|
CTRL           |CarryOut       |   17.578|
CTRL           |Q<1>           |   10.566|
CTRL           |Q<2>           |   12.255|
CTRL           |Q<3>           |   13.373|
CTRL           |Q<4>           |   14.229|
CTRL           |Q<5>           |   15.797|
CTRL           |Q<6>           |   16.421|
CTRL           |Q<7>           |   17.067|
---------------+---------------+---------+


Analysis completed Fri Mar 01 22:27:57 2013 
--------------------------------------------------------------------------------

Trace Settings:
-------------------------
Trace Settings 

Peak Memory Usage: 157 MB



