******************************************************************************
                  TMS470 Linker PC v4.9.5                      
******************************************************************************
>> Linked Sat Dec 01 18:53:52 2012

OUTPUT FILE NAME:   <LED.out>
ENTRY POINT SYMBOL: "_c_int00"  address: 00000a75


MEMORY CONFIGURATION

         name            origin    length      used     unused   attr    fill
----------------------  --------  ---------  --------  --------  ----  --------
  FLASH                 00000000   00040000  00000db6  0003f24a  R  X
  SRAM                  20000000   00008000  00000114  00007eec  RW X


SEGMENT ALLOCATION MAP

run origin  load origin   length   init length attrs members
----------  ----------- ---------- ----------- ----- -------
00000000    00000000    00000db8   00000db8    r-x
  00000000    00000000    0000026c   0000026c    r-- .intvecs
  0000026c    0000026c    00000a06   00000a06    r-x .text
  00000c74    00000c74    00000124   00000124    r-- .const
  00000d98    00000d98    00000020   00000020    r-- .cinit
20000000    20000000    00000100   00000000    rw-
  20000000    20000000    00000100   00000000    rw- .stack
20000100    20000100    00000014   00000014    rw-
  20000100    20000100    00000014   00000014    rw- .data


SECTION ALLOCATION MAP

 output                                  attributes/
section   page    origin      length       input sections
--------  ----  ----------  ----------   ----------------
.intvecs   0    00000000    0000026c     
                  00000000    0000026c     startup_ccs.obj (.intvecs)

.text      0    0000026c    00000a06     
                  0000026c    000001d8     driverlib-cm4f.lib : sysctl.obj (.text:SysCtlClockGet)
                  00000444    00000158     main.obj (.text)
                  0000059c    0000013c     driverlib-cm4f.lib : sysctl.obj (.text:SysCtlClockSet)
                  000006d8    000000c8                        : gpio.obj (.text:GPIOPadConfigSet)
                  000007a0    0000009c     rtsv7M4_T_le_v4SPD16_eabi.lib : memcpy_t2.obj (.text)
                  0000083c    00000094                                   : auto_init.obj (.text)
                  000008d0    0000005e                                   : copy_decompress_rle.obj (.text)
                  0000092e    00000002     --HOLE-- [fill = 0]
                  00000930    00000058     driverlib-cm4f.lib : sysctl.obj (.text:SysCtlPeripheralEnable)
                  00000988    00000058     rtsv7M4_T_le_v4SPD16_eabi.lib : ltoa.obj (.text)
                  000009e0    0000004c                                   : cpy_tbl.obj (.text)
                  00000a2c    00000048     driverlib-cm4f.lib : gpio.obj (.text:GPIOPinConfigure)
                  00000a74    00000048     rtsv7M4_T_le_v4SPD16_eabi.lib : boot.obj (.text)
                  00000abc    00000044                                   : exit.obj (.text)
                  00000b00    00000042     driverlib-cm4f.lib : uart.obj (.text:UARTConfigSetExpClk)
                  00000b42    0000002e                        : gpio.obj (.text:GPIODirModeSet)
                  00000b70    0000001c                        : uart.obj (.text:UARTDisable)
                  00000b8c    00000018     rtsv7M4_T_le_v4SPD16_eabi.lib : _lock.obj (.text)
                  00000ba4    00000018                                   : args_main.obj (.text)
                  00000bbc    00000014     driverlib-cm4f.lib : uart.obj (.text:UARTEnable)
                  00000bd0    00000014     rtsv7M4_T_le_v4SPD16_eabi.lib : strlen.obj (.text)
                  00000be4    00000012     driverlib-cm4f.lib : gpio.obj (.text:GPIOPinTypeGPIOOutput)
                  00000bf6    00000012                        : gpio.obj (.text:GPIOPinTypeI2C)
                  00000c08    00000012                        : gpio.obj (.text:GPIOPinTypeUART)
                  00000c1a    00000012                        : i2c.obj (.text:I2CSlaveEnable)
                  00000c2c    0000000e     rtsv7M4_T_le_v4SPD16_eabi.lib : copy_decompress_none.obj (.text:decompress:none)
                  00000c3a    0000000c     driverlib-cm4f.lib : i2c.obj (.text:I2CSlaveInit)
                  00000c46    0000000c     startup_ccs.obj (.text)
                  00000c52    0000000a     driverlib-cm4f.lib : gpio.obj (.text:GPIOPinWrite)
                  00000c5c    0000000a                        : uart.obj (.text:UARTCharPut)
                  00000c66    00000006                        : sysctl.obj (.text:SysCtlDelay)
                  00000c6c    00000006     rtsv7M4_T_le_v4SPD16_eabi.lib : copy_decompress_rle.obj (.text:decompress:rle24)

.const     0    00000c74    00000124     
                  00000c74    00000078     driverlib-cm4f.lib : gpio.obj (.const:g_pulGPIOBaseAddrs)
                  00000cec    0000006c                        : sysctl.obj (.const:g_pulXtals)
                  00000d58    00000040                        : sysctl.obj (.const)

.cinit     0    00000d98    00000020     
                  00000d98    0000000f     (.cinit..data.load) [load image, compression = rle]
                  00000da7    00000001     --HOLE-- [fill = 0]
                  00000da8    00000008     (__TI_handler_table)
                  00000db0    00000008     (__TI_cinit_table)

.stack     0    20000000    00000100     UNINITIALIZED
                  20000000    00000100     --HOLE--

.data      0    20000100    00000014     
                  20000100    00000008     rtsv7M4_T_le_v4SPD16_eabi.lib : _lock.obj (.data)
                  20000108    00000008                                   : exit.obj (.data)
                  20000110    00000004                                   : stkdepth_vars.obj (.data)


LINKER GENERATED COPY TABLES

__TI_cinit_table @ 00000db0 records: 1, size/record: 8, table size: 8
	.data: load addr=00000d98, load size=0000000f bytes, run addr=20000100, run size=00000014 bytes, compression=rle


LINKER GENERATED HANDLER TABLE

__TI_handler_table @ 00000da8 records: 2, size/record: 4, table size: 8
	index: 0, handler: __TI_decompress_rle24
	index: 1, handler: __TI_decompress_none


GLOBAL SYMBOLS: SORTED ALPHABETICALLY BY Name 

address    name
--------   ----
00000abd   C$$EXIT
00000b43   GPIODirModeSet
000006d9   GPIOPadConfigSet
00000a2d   GPIOPinConfigure
00000be5   GPIOPinTypeGPIOOutput
00000bf7   GPIOPinTypeI2C
00000c09   GPIOPinTypeUART
00000c53   GPIOPinWrite
00000c1b   I2CSlaveEnable
00000c3b   I2CSlaveInit
000004bf   I2C_SlaveInit
00000c47   ResetISR
UNDEFED    SHT$$INIT_ARRAY$$Base
UNDEFED    SHT$$INIT_ARRAY$$Limit
00000445   Send_UART
0000026d   SysCtlClockGet
0000059d   SysCtlClockSet
00000c67   SysCtlDelay
00000931   SysCtlPeripheralEnable
00000c5d   UARTCharPut
00000b01   UARTConfigSetExpClk
00000b71   UARTDisable
00000bbd   UARTEnable
00000489   UARTInit
20000100   __STACK_END
00000100   __STACK_SIZE
20000100   __STACK_TOP
00000db0   __TI_CINIT_Base
00000db8   __TI_CINIT_Limit
00000da8   __TI_Handler_Table_Base
00000db0   __TI_Handler_Table_Limit
00000001   __TI_args_main
0000083d   __TI_auto_init
00000c2d   __TI_decompress_none
00000c6d   __TI_decompress_rle24
00000000   __TI_static_base__
000007a1   __aeabi_memcpy
000007a1   __aeabi_memcpy4
000007a1   __aeabi_memcpy8
ffffffff   __binit__
ffffffff   __c_args__
20000000   __stack
00000ba5   _args_main
00000a75   _c_int00
20000108   _cleanup_ptr
2000010c   _dtors_ptr
20000100   _lock
00000b99   _nop
00000b93   _register_lock
00000b8d   _register_unlock
20000104   _unlock
00000ac1   abort
ffffffff   binit
000009e1   copy_in
00000ac9   exit
00000000   g_pfnVectors
00000989   ltoa
000004f1   main
20000110   main_func_sp
000007a1   memcpy
00000bd1   strlen


GLOBAL SYMBOLS: SORTED BY Symbol Address 

address    name
--------   ----
00000000   __TI_static_base__
00000000   g_pfnVectors
00000001   __TI_args_main
00000100   __STACK_SIZE
0000026d   SysCtlClockGet
00000445   Send_UART
00000489   UARTInit
000004bf   I2C_SlaveInit
000004f1   main
0000059d   SysCtlClockSet
000006d9   GPIOPadConfigSet
000007a1   __aeabi_memcpy
000007a1   __aeabi_memcpy4
000007a1   __aeabi_memcpy8
000007a1   memcpy
0000083d   __TI_auto_init
00000931   SysCtlPeripheralEnable
00000989   ltoa
000009e1   copy_in
00000a2d   GPIOPinConfigure
00000a75   _c_int00
00000abd   C$$EXIT
00000ac1   abort
00000ac9   exit
00000b01   UARTConfigSetExpClk
00000b43   GPIODirModeSet
00000b71   UARTDisable
00000b8d   _register_unlock
00000b93   _register_lock
00000b99   _nop
00000ba5   _args_main
00000bbd   UARTEnable
00000bd1   strlen
00000be5   GPIOPinTypeGPIOOutput
00000bf7   GPIOPinTypeI2C
00000c09   GPIOPinTypeUART
00000c1b   I2CSlaveEnable
00000c2d   __TI_decompress_none
00000c3b   I2CSlaveInit
00000c47   ResetISR
00000c53   GPIOPinWrite
00000c5d   UARTCharPut
00000c67   SysCtlDelay
00000c6d   __TI_decompress_rle24
00000da8   __TI_Handler_Table_Base
00000db0   __TI_CINIT_Base
00000db0   __TI_Handler_Table_Limit
00000db8   __TI_CINIT_Limit
20000000   __stack
20000100   __STACK_END
20000100   __STACK_TOP
20000100   _lock
20000104   _unlock
20000108   _cleanup_ptr
2000010c   _dtors_ptr
20000110   main_func_sp
ffffffff   __binit__
ffffffff   __c_args__
ffffffff   binit
UNDEFED    SHT$$INIT_ARRAY$$Base
UNDEFED    SHT$$INIT_ARRAY$$Limit

[61 symbols]
