******************************************************************************
                  TMS470 Linker PC v4.9.5                      
******************************************************************************
>> Linked Sun Dec 02 00:46:37 2012

OUTPUT FILE NAME:   <Hallo Welt.out>
ENTRY POINT SYMBOL: "_c_int00"  address: 00000715


MEMORY CONFIGURATION

         name            origin    length      used     unused   attr    fill
----------------------  --------  ---------  --------  --------  ----  --------
  FLASH                 00000000   00040000  000009fe  0003f602  R  X
  SRAM                  20000000   00008000  00000114  00007eec  RW X


SEGMENT ALLOCATION MAP

run origin  load origin   length   init length attrs members
----------  ----------- ---------- ----------- ----- -------
00000000    00000000    00000a00   00000a00    r-x
  00000000    00000000    000008ba   000008ba    r-x .text
  000008bc    000008bc    00000124   00000124    r-- .const
  000009e0    000009e0    00000020   00000020    r-- .cinit
20000000    20000000    00000100   00000000    rw-
  20000000    20000000    00000100   00000000    rw- .stack
20000100    20000100    00000014   00000014    rw-
  20000100    20000100    00000014   00000014    rw- .data


SECTION ALLOCATION MAP

 output                                  attributes/
section   page    origin      length       input sections
--------  ----  ----------  ----------   ----------------
.text      0    00000000    000008ba     
                  00000000    000001d8     driverlib-cm4f.lib : sysctl.obj (.text:SysCtlClockGet)
                  000001d8    0000013c                        : sysctl.obj (.text:SysCtlClockSet)
                  00000314    000000c8                        : gpio.obj (.text:GPIOPadConfigSet)
                  000003dc    000000bc     main.obj (.text)
                  00000498    0000009c     rtsv7M4_T_le_v4SPD16_eabi.lib : memcpy_t2.obj (.text)
                  00000534    00000094                                   : auto_init.obj (.text)
                  000005c8    0000005e                                   : copy_decompress_rle.obj (.text)
                  00000626    00000002     --HOLE-- [fill = 0]
                  00000628    00000058     driverlib-cm4f.lib : sysctl.obj (.text:SysCtlPeripheralEnable)
                  00000680    0000004c     rtsv7M4_T_le_v4SPD16_eabi.lib : cpy_tbl.obj (.text)
                  000006cc    00000048     driverlib-cm4f.lib : gpio.obj (.text:GPIOPinConfigure)
                  00000714    00000048     rtsv7M4_T_le_v4SPD16_eabi.lib : boot.obj (.text)
                  0000075c    00000044                                   : exit.obj (.text)
                  000007a0    00000042     driverlib-cm4f.lib : uart.obj (.text:UARTConfigSetExpClk)
                  000007e2    0000002e                        : gpio.obj (.text:GPIODirModeSet)
                  00000810    0000001c                        : uart.obj (.text:UARTDisable)
                  0000082c    00000018     rtsv7M4_T_le_v4SPD16_eabi.lib : _lock.obj (.text)
                  00000844    00000018                                   : args_main.obj (.text)
                  0000085c    00000014     driverlib-cm4f.lib : uart.obj (.text:UARTEnable)
                  00000870    00000014     rtsv7M4_T_le_v4SPD16_eabi.lib : strlen.obj (.text)
                  00000884    00000012     driverlib-cm4f.lib : gpio.obj (.text:GPIOPinTypeUART)
                  00000896    0000000e     rtsv7M4_T_le_v4SPD16_eabi.lib : copy_decompress_none.obj (.text:decompress:none)
                  000008a4    0000000a     driverlib-cm4f.lib : uart.obj (.text:UARTCharPut)
                  000008ae    00000006                        : sysctl.obj (.text:SysCtlDelay)
                  000008b4    00000006     rtsv7M4_T_le_v4SPD16_eabi.lib : copy_decompress_rle.obj (.text:decompress:rle24)

.const     0    000008bc    00000124     
                  000008bc    00000078     driverlib-cm4f.lib : gpio.obj (.const:g_pulGPIOBaseAddrs)
                  00000934    0000006c                        : sysctl.obj (.const:g_pulXtals)
                  000009a0    00000040                        : sysctl.obj (.const)

.cinit     0    000009e0    00000020     
                  000009e0    0000000f     (.cinit..data.load) [load image, compression = rle]
                  000009ef    00000001     --HOLE-- [fill = 0]
                  000009f0    00000008     (__TI_handler_table)
                  000009f8    00000008     (__TI_cinit_table)

.stack     0    20000000    00000100     UNINITIALIZED
                  20000000    00000100     --HOLE--

.data      0    20000100    00000014     
                  20000100    00000008     rtsv7M4_T_le_v4SPD16_eabi.lib : _lock.obj (.data)
                  20000108    00000008                                   : exit.obj (.data)
                  20000110    00000004                                   : stkdepth_vars.obj (.data)


LINKER GENERATED COPY TABLES

__TI_cinit_table @ 000009f8 records: 1, size/record: 8, table size: 8
	.data: load addr=000009e0, load size=0000000f bytes, run addr=20000100, run size=00000014 bytes, compression=rle


LINKER GENERATED HANDLER TABLE

__TI_handler_table @ 000009f0 records: 2, size/record: 4, table size: 8
	index: 0, handler: __TI_decompress_rle24
	index: 1, handler: __TI_decompress_none


GLOBAL SYMBOLS: SORTED ALPHABETICALLY BY Name 

address    name
--------   ----
0000075d   C$$EXIT
000007e3   GPIODirModeSet
00000315   GPIOPadConfigSet
000006cd   GPIOPinConfigure
00000885   GPIOPinTypeUART
UNDEFED    SHT$$INIT_ARRAY$$Base
UNDEFED    SHT$$INIT_ARRAY$$Limit
000003dd   Send_UART
00000001   SysCtlClockGet
000001d9   SysCtlClockSet
000008af   SysCtlDelay
00000629   SysCtlPeripheralEnable
000008a5   UARTCharPut
000007a1   UARTConfigSetExpClk
00000811   UARTDisable
0000085d   UARTEnable
20000100   __STACK_END
00000100   __STACK_SIZE
20000100   __STACK_TOP
000009f8   __TI_CINIT_Base
00000a00   __TI_CINIT_Limit
000009f0   __TI_Handler_Table_Base
000009f8   __TI_Handler_Table_Limit
00000001   __TI_args_main
00000535   __TI_auto_init
00000897   __TI_decompress_none
000008b5   __TI_decompress_rle24
00000000   __TI_static_base__
00000499   __aeabi_memcpy
00000499   __aeabi_memcpy4
00000499   __aeabi_memcpy8
ffffffff   __binit__
ffffffff   __c_args__
20000000   __stack
00000845   _args_main
00000715   _c_int00
20000108   _cleanup_ptr
2000010c   _dtors_ptr
20000100   _lock
00000839   _nop
00000833   _register_lock
0000082d   _register_unlock
20000104   _unlock
00000761   abort
ffffffff   binit
00000681   copy_in
00000769   exit
00000427   main
20000110   main_func_sp
00000499   memcpy
00000871   strlen


GLOBAL SYMBOLS: SORTED BY Symbol Address 

address    name
--------   ----
00000000   __TI_static_base__
00000001   SysCtlClockGet
00000001   __TI_args_main
00000100   __STACK_SIZE
000001d9   SysCtlClockSet
00000315   GPIOPadConfigSet
000003dd   Send_UART
00000427   main
00000499   __aeabi_memcpy
00000499   __aeabi_memcpy4
00000499   __aeabi_memcpy8
00000499   memcpy
00000535   __TI_auto_init
00000629   SysCtlPeripheralEnable
00000681   copy_in
000006cd   GPIOPinConfigure
00000715   _c_int00
0000075d   C$$EXIT
00000761   abort
00000769   exit
000007a1   UARTConfigSetExpClk
000007e3   GPIODirModeSet
00000811   UARTDisable
0000082d   _register_unlock
00000833   _register_lock
00000839   _nop
00000845   _args_main
0000085d   UARTEnable
00000871   strlen
00000885   GPIOPinTypeUART
00000897   __TI_decompress_none
000008a5   UARTCharPut
000008af   SysCtlDelay
000008b5   __TI_decompress_rle24
000009f0   __TI_Handler_Table_Base
000009f8   __TI_CINIT_Base
000009f8   __TI_Handler_Table_Limit
00000a00   __TI_CINIT_Limit
20000000   __stack
20000100   __STACK_END
20000100   __STACK_TOP
20000100   _lock
20000104   _unlock
20000108   _cleanup_ptr
2000010c   _dtors_ptr
20000110   main_func_sp
ffffffff   __binit__
ffffffff   __c_args__
ffffffff   binit
UNDEFED    SHT$$INIT_ARRAY$$Base
UNDEFED    SHT$$INIT_ARRAY$$Limit

[51 symbols]
