V3 19
FL G:/Dropbox/Hobby/Programme/FPGA/Acht_Bit_Addier_Subtrahier_Werk/Acht_Bit_Addierer.vhd 2013/03/01.21:54:56 P.49d
EN work/Acht_Bit_Addierer 1362173253 \
      FL G:/Dropbox/Hobby/Programme/FPGA/Acht_Bit_Addier_Subtrahier_Werk/Acht_Bit_Addierer.vhd \
      PB ieee/std_logic_1164 1354696159
AR work/Acht_Bit_Addierer/Acht_Bit_Addierer_Arch 1362173254 \
      FL G:/Dropbox/Hobby/Programme/FPGA/Acht_Bit_Addier_Subtrahier_Werk/Acht_Bit_Addierer.vhd \
      EN work/Acht_Bit_Addierer 1362173253 CP Addierer
FL G:/Dropbox/Hobby/Programme/FPGA/Acht_Bit_Addier_Subtrahier_Werk/Acht_Bit_Multiplexer.vhd 2013/03/01.22:14:22 P.49d
EN work/Acht_Bit_Multiplexer 1362173251 \
      FL G:/Dropbox/Hobby/Programme/FPGA/Acht_Bit_Addier_Subtrahier_Werk/Acht_Bit_Multiplexer.vhd \
      PB ieee/std_logic_1164 1354696159
AR work/Acht_Bit_Multiplexer/Acht_Bit_Multiplexer_Arch 1362173252 \
      FL G:/Dropbox/Hobby/Programme/FPGA/Acht_Bit_Addier_Subtrahier_Werk/Acht_Bit_Multiplexer.vhd \
      EN work/Acht_Bit_Multiplexer 1362173251 CP Multiplexer
FL G:/Dropbox/Hobby/Programme/FPGA/Acht_Bit_Addier_Subtrahier_Werk/Addierer.vhd 2013/03/01.18:11:02 P.49d
EN work/Addierer 1362173247 \
      FL G:/Dropbox/Hobby/Programme/FPGA/Acht_Bit_Addier_Subtrahier_Werk/Addierer.vhd \
      PB ieee/std_logic_1164 1354696159
AR work/Addierer/Addierer_Arch 1362173248 \
      FL G:/Dropbox/Hobby/Programme/FPGA/Acht_Bit_Addier_Subtrahier_Werk/Addierer.vhd \
      EN work/Addierer 1362173247
FL G:/Dropbox/Hobby/Programme/FPGA/Acht_Bit_Addier_Subtrahier_Werk/Addier_Subtrahier_Werk.vhd 2013/03/01.22:26:36 P.49d
EN work/Addier_Subtrahier_Werk 1362173255 \
      FL G:/Dropbox/Hobby/Programme/FPGA/Acht_Bit_Addier_Subtrahier_Werk/Addier_Subtrahier_Werk.vhd \
      PB ieee/std_logic_1164 1354696159
AR work/Addier_Subtrahier_Werk/Addier_Subtrahier_Werk_Arch 1362173256 \
      FL G:/Dropbox/Hobby/Programme/FPGA/Acht_Bit_Addier_Subtrahier_Werk/Addier_Subtrahier_Werk.vhd \
      EN work/Addier_Subtrahier_Werk 1362173255 CP Acht_Bit_Multiplexer \
      CP Acht_Bit_Addierer
FL G:/Dropbox/Hobby/Programme/FPGA/Acht_Bit_Addier_Subtrahier_Werk/Multiplexer.vhd 2013/03/01.20:33:59 P.49d
EN work/Multiplexer 1362173249 \
      FL G:/Dropbox/Hobby/Programme/FPGA/Acht_Bit_Addier_Subtrahier_Werk/Multiplexer.vhd \
      PB ieee/std_logic_1164 1354696159
AR work/Multiplexer/Multiplexer_Arch 1362173250 \
      FL G:/Dropbox/Hobby/Programme/FPGA/Acht_Bit_Addier_Subtrahier_Werk/Multiplexer.vhd \
      EN work/Multiplexer 1362173249
