V3 11
FL G:/Dropbox/Hobby/Programme/FPGA/Ripple_Vier_Bit_Addierer/Addierer.vhd 2013/02/28.23:02:19 P.49d
EN work/Addierer 1362237950 \
      FL G:/Dropbox/Hobby/Programme/FPGA/Ripple_Vier_Bit_Addierer/Addierer.vhd \
      PB ieee/std_logic_1164 1354696159
AR work/Addierer/Addierer_Arch 1362237951 \
      FL G:/Dropbox/Hobby/Programme/FPGA/Ripple_Vier_Bit_Addierer/Addierer.vhd \
      EN work/Addierer 1362237950
FL G:/Dropbox/Hobby/Programme/FPGA/Ripple_Vier_Bit_Addierer/Vier_Bit_Addierer.vhd 2013/03/02.16:07:57 P.49d
EN work/Vier_Bit_Addierer 1362237952 \
      FL G:/Dropbox/Hobby/Programme/FPGA/Ripple_Vier_Bit_Addierer/Vier_Bit_Addierer.vhd \
      PB ieee/std_logic_1164 1354696159 PB ieee/std_logic_arith 1354696160 \
      PB ieee/STD_LOGIC_UNSIGNED 1354696162
AR work/Vier_Bit_Addierer/Vier_Bit_Addierer_Arch 1362237953 \
      FL G:/Dropbox/Hobby/Programme/FPGA/Ripple_Vier_Bit_Addierer/Vier_Bit_Addierer.vhd \
      EN work/Vier_Bit_Addierer 1362237952 CP Addierer
FL G:/Dropbox/Hobby/Programme/FPGA/Vier_Bit_Multiplizierer/Multipliziere_Arch.vhd 2013/03/02.16:25:43 P.49d
EN work/Multiplizierer 1362237954 \
      FL G:/Dropbox/Hobby/Programme/FPGA/Vier_Bit_Multiplizierer/Multipliziere_Arch.vhd \
      PB ieee/std_logic_1164 1354696159
AR work/Multiplizierer/Multiplizierer_Arch 1362237955 \
      FL G:/Dropbox/Hobby/Programme/FPGA/Vier_Bit_Multiplizierer/Multipliziere_Arch.vhd \
      EN work/Multiplizierer 1362237954 CP Vier_Bit_Addierer
