EN oder NULL "G:/Dropbox/Hobby/Programme/FPGA/8-Bit ALU/src/ALU/Oder.vhd" sub00/vhpl16 1362230642
AR acht_bit_xor acht_bit_xor_arch "G:/Dropbox/Hobby/Programme/FPGA/8-Bit ALU/src/ALU/Acht_Bit_XOR.vhd" sub00/vhpl03 1362230647
AR alu alu_arch "G:/Dropbox/Hobby/Programme/FPGA/8-Bit ALU/src/ALU/ALU.vhd" sub00/vhpl07 1362230659
AR eingang_a eingang_a_arch "G:/Dropbox/Hobby/Programme/FPGA/8-Bit ALU/src/ALU/Eingang_A.vhd" sub00/vhpl05 1362230649
AR acht_bit_und acht_bit_und "G:/Dropbox/Hobby/Programme/FPGA/8-Bit ALU/src/ALU/Acht_Bit_Und.vhd" sub00/vhpl13 1362230645
AR oder oder_arch "G:/Dropbox/Hobby/Programme/FPGA/8-Bit ALU/src/ALU/Oder.vhd" sub00/vhpl17 1362230643
EN addierer NULL "G:/Dropbox/Hobby/Programme/FPGA/8-Bit ALU/src/ALU/Addierer.vhd" sub00/vhpl20 1362230640
EN acht_bit_multiplexer NULL "G:/Dropbox/Hobby/Programme/FPGA/8-Bit ALU/src/ALU/Acht_Bit_Multiplexer.vhd" sub00/vhpl24 1362230656
EN exor NULL "G:/Dropbox/Hobby/Programme/FPGA/8-Bit ALU/src/ALU/EXOR.vhd" sub00/vhpl00 1362230638
AR decoder decoder_arch "G:/Dropbox/Hobby/Programme/FPGA/8-Bit ALU/src/ALU/Decoder.vhd" sub00/vhpl09 1362223114
EN eingang_a NULL "G:/Dropbox/Hobby/Programme/FPGA/8-Bit ALU/src/ALU/Eingang_A.vhd" sub00/vhpl04 1362230648
EN eingang_b NULL "G:/Dropbox/Hobby/Programme/FPGA/8-Bit ALU/src/ALU/Eingang_B.vhd" sub00/vhpl14 1362230650
EN acht_bit_und NULL "G:/Dropbox/Hobby/Programme/FPGA/8-Bit ALU/src/ALU/Acht_Bit_Und.vhd" sub00/vhpl12 1362230644
AR acht_bit_multiplexer acht_bit_multiplexer_arch "G:/Dropbox/Hobby/Programme/FPGA/8-Bit ALU/src/ALU/Acht_Bit_Multiplexer.vhd" sub00/vhpl25 1362230657
EN und NULL "G:/Dropbox/Hobby/Programme/FPGA/8-Bit ALU/src/ALU/Und.vhd" sub00/vhpl10 1362230636
AR addierer addierer_arch "G:/Dropbox/Hobby/Programme/FPGA/8-Bit ALU/src/ALU/Addierer.vhd" sub00/vhpl21 1362230641
EN acht_bit_addierer NULL "G:/Dropbox/Hobby/Programme/FPGA/8-Bit ALU/src/ALU/Acht_Bit_Addierer.vhd" sub00/vhpl22 1362230654
AR und behavioral "G:/Dropbox/Hobby/Programme/FPGA/8-Bit ALU/src/ALU/Und.vhd" sub00/vhpl11 1362230637
AR exor exor_arch "G:/Dropbox/Hobby/Programme/FPGA/8-Bit ALU/src/ALU/EXOR.vhd" sub00/vhpl01 1362230639
EN acht_bit_oder NULL "G:/Dropbox/Hobby/Programme/FPGA/8-Bit ALU/src/ALU/Acht_Bit_Oder.vhd" sub00/vhpl18 1362230652
AR eingang_b eingang_b_arch "G:/Dropbox/Hobby/Programme/FPGA/8-Bit ALU/src/ALU/Eingang_B.vhd" sub00/vhpl15 1362230651
AR acht_bit_oder acht_bit_oder_arch "G:/Dropbox/Hobby/Programme/FPGA/8-Bit ALU/src/ALU/Acht_Bit_Oder.vhd" sub00/vhpl19 1362230653
EN decoder NULL "G:/Dropbox/Hobby/Programme/FPGA/8-Bit ALU/src/ALU/Decoder.vhd" sub00/vhpl08 1362223113
EN acht_bit_xor NULL "G:/Dropbox/Hobby/Programme/FPGA/8-Bit ALU/src/ALU/Acht_Bit_XOR.vhd" sub00/vhpl02 1362230646
AR acht_bit_addierer acht_bit_addierer_arch "G:/Dropbox/Hobby/Programme/FPGA/8-Bit ALU/src/ALU/Acht_Bit_Addierer.vhd" sub00/vhpl23 1362230655
EN alu NULL "G:/Dropbox/Hobby/Programme/FPGA/8-Bit ALU/src/ALU/ALU.vhd" sub00/vhpl06 1362230658
