V3 54
FL "G:/Dropbox/Hobby/Programme/FPGA/8-Bit ALU/src/ALU/Acht_Bit_Addierer.vhd" 2013/03/02.01:56:39 P.49d
EN work/Acht_Bit_Addierer 1362230654 \
      FL "G:/Dropbox/Hobby/Programme/FPGA/8-Bit ALU/src/ALU/Acht_Bit_Addierer.vhd" \
      PB ieee/std_logic_1164 1354696159
AR work/Acht_Bit_Addierer/Acht_Bit_Addierer_Arch 1362230655 \
      FL "G:/Dropbox/Hobby/Programme/FPGA/8-Bit ALU/src/ALU/Acht_Bit_Addierer.vhd" \
      EN work/Acht_Bit_Addierer 1362230654 CP Addierer
FL "G:/Dropbox/Hobby/Programme/FPGA/8-Bit ALU/src/ALU/Acht_Bit_Multiplexer.vhd" 2013/03/02.14:10:21 P.49d
EN work/Acht_Bit_Multiplexer 1362230656 \
      FL "G:/Dropbox/Hobby/Programme/FPGA/8-Bit ALU/src/ALU/Acht_Bit_Multiplexer.vhd" \
      PB ieee/std_logic_1164 1354696159 PB ieee/std_logic_arith 1354696160
AR work/Acht_Bit_Multiplexer/Acht_Bit_Multiplexer_Arch 1362230657 \
      FL "G:/Dropbox/Hobby/Programme/FPGA/8-Bit ALU/src/ALU/Acht_Bit_Multiplexer.vhd" \
      EN work/Acht_Bit_Multiplexer 1362230656
FL "G:/Dropbox/Hobby/Programme/FPGA/8-Bit ALU/src/ALU/Acht_Bit_Oder.vhd" 2013/03/02.01:57:54 P.49d
EN work/Acht_Bit_Oder 1362230652 \
      FL "G:/Dropbox/Hobby/Programme/FPGA/8-Bit ALU/src/ALU/Acht_Bit_Oder.vhd" \
      PB ieee/std_logic_1164 1354696159
AR work/Acht_Bit_Oder/Acht_Bit_Oder_Arch 1362230653 \
      FL "G:/Dropbox/Hobby/Programme/FPGA/8-Bit ALU/src/ALU/Acht_Bit_Oder.vhd" \
      EN work/Acht_Bit_Oder 1362230652 CP Oder
FL "G:/Dropbox/Hobby/Programme/FPGA/8-Bit ALU/src/ALU/Acht_Bit_Und.vhd" 2013/03/02.01:56:39 P.49d
EN work/Acht_Bit_Und 1362230644 \
      FL "G:/Dropbox/Hobby/Programme/FPGA/8-Bit ALU/src/ALU/Acht_Bit_Und.vhd" \
      PB ieee/std_logic_1164 1354696159
AR work/Acht_Bit_Und/Acht_Bit_Und 1362230645 \
      FL "G:/Dropbox/Hobby/Programme/FPGA/8-Bit ALU/src/ALU/Acht_Bit_Und.vhd" \
      EN work/Acht_Bit_Und 1362230644 CP Und
FL "G:/Dropbox/Hobby/Programme/FPGA/8-Bit ALU/src/ALU/Acht_Bit_XOR.vhd" 2013/03/02.02:06:14 P.49d
EN work/Acht_Bit_XOR 1362230646 \
      FL "G:/Dropbox/Hobby/Programme/FPGA/8-Bit ALU/src/ALU/Acht_Bit_XOR.vhd" \
      PB ieee/std_logic_1164 1354696159
AR work/Acht_Bit_XOR/Acht_Bit_XOR_Arch 1362230647 \
      FL "G:/Dropbox/Hobby/Programme/FPGA/8-Bit ALU/src/ALU/Acht_Bit_XOR.vhd" \
      EN work/Acht_Bit_XOR 1362230646 CP EXOR
FL "G:/Dropbox/Hobby/Programme/FPGA/8-Bit ALU/src/ALU/Addierer.vhd" 2013/03/02.01:56:39 P.49d
EN work/Addierer 1362230640 \
      FL "G:/Dropbox/Hobby/Programme/FPGA/8-Bit ALU/src/ALU/Addierer.vhd" \
      PB ieee/std_logic_1164 1354696159
AR work/Addierer/Addierer_Arch 1362230641 \
      FL "G:/Dropbox/Hobby/Programme/FPGA/8-Bit ALU/src/ALU/Addierer.vhd" \
      EN work/Addierer 1362230640
FL "G:/Dropbox/Hobby/Programme/FPGA/8-Bit ALU/src/ALU/ALU.vhd" 2013/03/02.14:23:53 P.49d
EN work/ALU 1362230658 \
      FL "G:/Dropbox/Hobby/Programme/FPGA/8-Bit ALU/src/ALU/ALU.vhd" \
      PB ieee/std_logic_1164 1354696159 PB ieee/std_logic_arith 1354696160 \
      PB ieee/STD_LOGIC_UNSIGNED 1354696162 PB ieee/NUMERIC_STD 1354696164
AR work/ALU/ALU_Arch 1362230659 \
      FL "G:/Dropbox/Hobby/Programme/FPGA/8-Bit ALU/src/ALU/ALU.vhd" EN work/ALU 1362230658 \
      CP Eingang_A CP Eingang_B CP Acht_Bit_Und CP Acht_Bit_Oder CP Acht_Bit_XOR \
      CP Acht_Bit_Addierer CP Acht_Bit_Multiplexer
FL "G:/Dropbox/Hobby/Programme/FPGA/8-Bit ALU/src/ALU/Decoder.vhd" 2013/03/02.11:30:55 P.49d
EN work/Decoder 1362223113 \
      FL "G:/Dropbox/Hobby/Programme/FPGA/8-Bit ALU/src/ALU/Decoder.vhd" \
      PB ieee/std_logic_1164 1354696159
AR work/Decoder/Decoder_Arch 1362223114 \
      FL "G:/Dropbox/Hobby/Programme/FPGA/8-Bit ALU/src/ALU/Decoder.vhd" \
      EN work/Decoder 1362223113
FL "G:/Dropbox/Hobby/Programme/FPGA/8-Bit ALU/src/ALU/Eingang_A.vhd" 2013/03/02.14:11:05 P.49d
EN work/Eingang_A 1362230648 \
      FL "G:/Dropbox/Hobby/Programme/FPGA/8-Bit ALU/src/ALU/Eingang_A.vhd" \
      PB ieee/std_logic_1164 1354696159
AR work/Eingang_A/Eingang_A_Arch 1362230649 \
      FL "G:/Dropbox/Hobby/Programme/FPGA/8-Bit ALU/src/ALU/Eingang_A.vhd" \
      EN work/Eingang_A 1362230648 CP Acht_Bit_XOR
FL "G:/Dropbox/Hobby/Programme/FPGA/8-Bit ALU/src/ALU/Eingang_B.vhd" 2013/03/02.14:11:46 P.49d
EN work/Eingang_B 1362230650 \
      FL "G:/Dropbox/Hobby/Programme/FPGA/8-Bit ALU/src/ALU/Eingang_B.vhd" \
      PB ieee/std_logic_1164 1354696159
AR work/Eingang_B/Eingang_B_Arch 1362230651 \
      FL "G:/Dropbox/Hobby/Programme/FPGA/8-Bit ALU/src/ALU/Eingang_B.vhd" \
      EN work/Eingang_B 1362230650 CP Acht_Bit_Und
FL "G:/Dropbox/Hobby/Programme/FPGA/8-Bit ALU/src/ALU/EXOR.vhd" 2013/03/02.02:07:00 P.49d
EN work/EXOR 1362230638 \
      FL "G:/Dropbox/Hobby/Programme/FPGA/8-Bit ALU/src/ALU/EXOR.vhd" \
      PB ieee/std_logic_1164 1354696159
AR work/EXOR/EXOR_Arch 1362230639 \
      FL "G:/Dropbox/Hobby/Programme/FPGA/8-Bit ALU/src/ALU/EXOR.vhd" \
      EN work/EXOR 1362230638
FL "G:/Dropbox/Hobby/Programme/FPGA/8-Bit ALU/src/ALU/Oder.vhd" 2013/03/02.01:56:26 P.49d
EN work/Oder 1362230642 \
      FL "G:/Dropbox/Hobby/Programme/FPGA/8-Bit ALU/src/ALU/Oder.vhd" \
      PB ieee/std_logic_1164 1354696159
AR work/Oder/Oder_Arch 1362230643 \
      FL "G:/Dropbox/Hobby/Programme/FPGA/8-Bit ALU/src/ALU/Oder.vhd" \
      EN work/Oder 1362230642
FL "G:/Dropbox/Hobby/Programme/FPGA/8-Bit ALU/src/ALU/Und.vhd" 2013/03/02.10:22:47 P.49d
EN work/Und 1362230636 \
      FL "G:/Dropbox/Hobby/Programme/FPGA/8-Bit ALU/src/ALU/Und.vhd" \
      PB ieee/std_logic_1164 1354696159
AR work/Und/Behavioral 1362230637 \
      FL "G:/Dropbox/Hobby/Programme/FPGA/8-Bit ALU/src/ALU/Und.vhd" EN work/Und 1362230636
FL G:/Dropbox/Hobby/Programme/FPGA/ALU/Acht_Bit_XOR.vhd 2013/03/02.02:06:14 P.49d
FL G:/Dropbox/Hobby/Programme/FPGA/ALU/ALU.vhd 2013/03/02.10:41:23 P.49d
FL G:/Dropbox/Hobby/Programme/FPGA/ALU/Eingang_A.vhd 2013/03/02.11:15:54 P.49d
FL G:/Dropbox/Hobby/Programme/FPGA/ALU/EXOR.vhd 2013/03/02.02:07:00 P.49d
