V3 3
FL G:/Dropbox/Hobby/Programme/FPGA/Look_Ahead_Adder/Loop_Ahead_Adder.vhd 2013/03/01.15:23:25 P.49d
EN work/Look_Ahead_Adder 1362147809 \
      FL G:/Dropbox/Hobby/Programme/FPGA/Look_Ahead_Adder/Loop_Ahead_Adder.vhd \
      PB ieee/std_logic_1164 1354696159
AR work/Look_Ahead_Adder/Look_Ahead_Adder_Arch 1362147810 \
      FL G:/Dropbox/Hobby/Programme/FPGA/Look_Ahead_Adder/Loop_Ahead_Adder.vhd \
      EN work/Look_Ahead_Adder 1362147809
