V3 3
FL G:/Dropbox/Hobby/Programme/FPGA/Ripple_Addierer/Addierer.vhd 2013/03/01.15:16:44 P.49d
EN work/Addierer 1362147422 \
      FL G:/Dropbox/Hobby/Programme/FPGA/Ripple_Addierer/Addierer.vhd \
      PB ieee/std_logic_1164 1354696159
AR work/Addierer/Addierer_Arch 1362147423 \
      FL G:/Dropbox/Hobby/Programme/FPGA/Ripple_Addierer/Addierer.vhd \
      EN work/Addierer 1362147422
