--------------------------------------------------------------------------------
Release 14.4 Trace  (nt64)
Copyright (c) 1995-2012 Xilinx, Inc.  All rights reserved.

G:\Xilinx\14.4\ISE_DS\ISE\bin\nt64\unwrapped\trce.exe -intstyle ise -v 3 -s 4
-n 3 -fastpaths -xml Addier_Subtrahier_Werk.twx Addier_Subtrahier_Werk.ncd -o
Addier_Subtrahier_Werk.twr Addier_Subtrahier_Werk.pcf -ucf
Addier_Subtrahier_Werk.ucf

Design file:              Addier_Subtrahier_Werk.ncd
Physical constraint file: Addier_Subtrahier_Werk.pcf
Device,package,speed:     xc3s250e,vq100,-4 (PRODUCTION 1.27 2012-12-04)
Report level:             verbose report

Environment Variable      Effect 
--------------------      ------ 
NONE                      No environment variables were set
--------------------------------------------------------------------------------

INFO:Timing:2698 - No timing constraints found, doing default enumeration.
INFO:Timing:3412 - To improve timing, see the Timing Closure User Guide (UG612).
INFO:Timing:2752 - To get complete path coverage, use the unconstrained paths 
   option. All paths that are not constrained will be reported in the 
   unconstrained paths section(s) of the report.
INFO:Timing:3339 - The clock-to-out numbers in this timing report are based on 
   a 50 Ohm transmission line loading model.  For the details of this model, 
   and for more information on accounting for different loading conditions, 
   please see the device datasheet.
INFO:Timing:3390 - This architecture does not support a default System Jitter 
   value, please add SYSTEM_JITTER constraint to the UCF to modify the Clock 
   Uncertainty calculation.
INFO:Timing:3389 - This architecture does not support 'Discrete Jitter' and 
   'Phase Error' calculations, these terms will be zero in the Clock 
   Uncertainty calculation.  Please make appropriate modification to 
   SYSTEM_JITTER to account for the unsupported Discrete Jitter and Phase 
   Error.



Data Sheet report:
-----------------
All values displayed in nanoseconds (ns)

Pad to Pad
---------------+---------------+---------+
Source Pad     |Destination Pad|  Delay  |
---------------+---------------+---------+
A<0>           |CarryOut       |   11.379|
A<0>           |Q<0>           |    9.017|
A<0>           |Q<1>           |    9.949|
A<0>           |Q<2>           |   11.976|
A<0>           |Q<3>           |   12.201|
A<1>           |CarryOut       |   10.724|
A<1>           |Q<1>           |    8.864|
A<1>           |Q<2>           |   11.321|
A<1>           |Q<3>           |   11.546|
A<2>           |CarryOut       |    9.635|
A<2>           |Q<2>           |   10.328|
A<2>           |Q<3>           |   10.457|
A<3>           |CarryOut       |    8.449|
A<3>           |Q<3>           |    9.042|
B<0>           |CarryOut       |   10.968|
B<0>           |Q<0>           |    7.839|
B<0>           |Q<1>           |    9.538|
B<0>           |Q<2>           |   11.565|
B<0>           |Q<3>           |   11.790|
B<1>           |CarryOut       |   10.167|
B<1>           |Q<1>           |    8.461|
B<1>           |Q<2>           |   10.764|
B<1>           |Q<3>           |   10.989|
B<2>           |CarryOut       |    9.411|
B<2>           |Q<2>           |    9.525|
B<2>           |Q<3>           |   10.233|
B<3>           |CarryOut       |    7.937|
B<3>           |Q<3>           |    8.577|
CTRL           |CarryOut       |   11.779|
CTRL           |Q<1>           |   10.349|
CTRL           |Q<2>           |   12.376|
CTRL           |Q<3>           |   12.601|
---------------+---------------+---------+


Analysis completed Fri Mar 01 18:02:32 2013 
--------------------------------------------------------------------------------

Trace Settings:
-------------------------
Trace Settings 

Peak Memory Usage: 157 MB



