AR addier_subtrahier_werk addier_subtrahier_werk_arch G:/Dropbox/Hobby/Programme/FPGA/Vier_Bit_Addier_Subtrahier_Werk/Addier_Subtrahier_Werk.vhd sub00/vhpl01 1362157327
EN multiplexer NULL G:/Dropbox/Hobby/Programme/FPGA/Vier_Bit_Addier_Subtrahier_Werk/Multiplexer.vhd sub00/vhpl02 1362154245
AR multiplexer multiplexer_arch G:/Dropbox/Hobby/Programme/FPGA/Vier_Bit_Addier_Subtrahier_Werk/Multiplexer.vhd sub00/vhpl03 1362154246
EN addierer NULL G:/Dropbox/Hobby/Programme/FPGA/Vier_Bit_Addier_Subtrahier_Werk/Addierer.vhd sub00/vhpl04 1362157324
EN addier_subtrahier_werk NULL G:/Dropbox/Hobby/Programme/FPGA/Vier_Bit_Addier_Subtrahier_Werk/Addier_Subtrahier_Werk.vhd sub00/vhpl00 1362157326
AR addierer addierer_arch G:/Dropbox/Hobby/Programme/FPGA/Vier_Bit_Addier_Subtrahier_Werk/Addierer.vhd sub00/vhpl05 1362157325
