V3 10
FL G:/Dropbox/Hobby/Programme/FPGA/Vier_Bit_Addier_Subtrahier_Werk/Addierer.vhd 2013/03/01.16:22:43 P.49d
EN work/Addierer 1362157324 \
      FL G:/Dropbox/Hobby/Programme/FPGA/Vier_Bit_Addier_Subtrahier_Werk/Addierer.vhd \
      PB ieee/std_logic_1164 1354696159
AR work/Addierer/Addierer_Arch 1362157325 \
      FL G:/Dropbox/Hobby/Programme/FPGA/Vier_Bit_Addier_Subtrahier_Werk/Addierer.vhd \
      EN work/Addierer 1362157324
FL G:/Dropbox/Hobby/Programme/FPGA/Vier_Bit_Addier_Subtrahier_Werk/Addier_Subtrahier_Werk.vhd 2013/03/01.18:01:58 P.49d
EN work/Addier_Subtrahier_Werk 1362157326 \
      FL G:/Dropbox/Hobby/Programme/FPGA/Vier_Bit_Addier_Subtrahier_Werk/Addier_Subtrahier_Werk.vhd \
      PB ieee/std_logic_1164 1354696159
AR work/Addier_Subtrahier_Werk/Addier_Subtrahier_Werk_Arch 1362157327 \
      FL G:/Dropbox/Hobby/Programme/FPGA/Vier_Bit_Addier_Subtrahier_Werk/Addier_Subtrahier_Werk.vhd \
      EN work/Addier_Subtrahier_Werk 1362157326 CP Addierer
FL G:/Dropbox/Hobby/Programme/FPGA/Vier_Bit_Addier_Subtrahier_Werk/Multiplexer.vhd 2013/03/01.16:30:11 P.49d
EN work/Multiplexer 1362154245 \
      FL G:/Dropbox/Hobby/Programme/FPGA/Vier_Bit_Addier_Subtrahier_Werk/Multiplexer.vhd \
      PB ieee/std_logic_1164 1354696159
AR work/Multiplexer/Multiplexer_Arch 1362154246 \
      FL G:/Dropbox/Hobby/Programme/FPGA/Vier_Bit_Addier_Subtrahier_Werk/Multiplexer.vhd \
      EN work/Multiplexer 1362154245
