AR magnitude_komparator magnitude_komparator_arch "G:/Dropbox/Hobby/Programme/FPGA/1-Bit Magnitude Komparator/src/Ein_Bit_Magnitude_Komparator/Magnitude_Komparator.vhd" sub00/vhpl01 1362245842
EN magnitude_komparator NULL "G:/Dropbox/Hobby/Programme/FPGA/1-Bit Magnitude Komparator/src/Ein_Bit_Magnitude_Komparator/Magnitude_Komparator.vhd" sub00/vhpl00 1362245841
AR vier_bit_magnitude_komparator vier_bit_magnitude_komparator_arch "G:/Dropbox/Hobby/Programme/FPGA/4-Bit Magnitude Komparator/src/Vier_Bit_Magnitude_Komparator/Vier_Bit_Magnitude_Komparator.vhd" sub00/vhpl03 1362245844
EN vier_bit_magnitude_komparator NULL "G:/Dropbox/Hobby/Programme/FPGA/4-Bit Magnitude Komparator/src/Vier_Bit_Magnitude_Komparator/Vier_Bit_Magnitude_Komparator.vhd" sub00/vhpl02 1362245843
