#-----------------------------------------------------------
# PlanAhead v14.4 (64-bit)
# Build 222254 by xbuild on Tue Dec 18 05:21:09 MST 2012
# Start of session at: Mon Feb 25 22:10:50 2013
# Process ID: 4420
# Log file: G:/Dropbox/Hobby/Programme/FPGA/Zwei_Bit_Komparator/planAhead_run_1/planAhead.log
# Journal file: G:/Dropbox/Hobby/Programme/FPGA/Zwei_Bit_Komparator/planAhead_run_1/planAhead.jou
#-----------------------------------------------------------
start_gui
source G:/Dropbox/Hobby/Programme/FPGA/Zwei_Bit_Komparator/pa.fromNetlist.tcl
startgroup
set_property package_pin P83 [get_ports {A[1]}]
endgroup
startgroup
set_property package_pin P83 [get_ports {A[1]}]
endgroup
startgroup
set_property package_pin P84 [get_ports {A[0]}]
endgroup
startgroup
set_property package_pin P85 [get_ports {B[1]}]
endgroup
startgroup
set_property package_pin P86 [get_ports {B[0]}]
endgroup
set_property pulltype PULLDOWN [get_ports [list {A[1]}]]
set_property pulltype PULLDOWN [get_ports [list {A[0]}]]
set_property pulltype PULLDOWN [get_ports [list {B[1]} {B[0]}]]
startgroup
set_property package_pin P90 [get_ports Q]
endgroup
save_constraints
