#-----------------------------------------------------------
# PlanAhead v14.4 (64-bit)
# Build 222254 by xbuild on Tue Dec 18 05:21:09 MST 2012
# Start of session at: Sat Mar 02 18:37:36 2013
# Process ID: 4180
# Log file: G:/Dropbox/Hobby/Programme/FPGA/4-Bit Magnitude Komparator/src/Vier_Bit_Magnitude_Komparator/planAhead_run_1/planAhead.log
# Journal file: G:/Dropbox/Hobby/Programme/FPGA/4-Bit Magnitude Komparator/src/Vier_Bit_Magnitude_Komparator/planAhead_run_1/planAhead.jou
#-----------------------------------------------------------
start_gui
source {G:/Dropbox/Hobby/Programme/FPGA/4-Bit Magnitude Komparator/src/Vier_Bit_Magnitude_Komparator/pa.fromNetlist.tcl}
set_property iostandard LVCMOS33 [get_ports [list {B[3]} {B[2]} {B[1]} {B[0]}]]
set_property pulltype PULLDOWN [get_ports [list {B[3]} {B[2]} {B[1]} {B[0]}]]
startgroup
set_property package_pin P86 [get_ports {B[0]}]
endgroup
startgroup
set_property package_pin P85 [get_ports {B[1]}]
endgroup
startgroup
set_property package_pin P83 [get_ports {B[3]}]
endgroup
startgroup
set_property package_pin P84 [get_ports {B[2]}]
endgroup
set_property pulltype PULLDOWN [get_ports [list {A[3]} {A[2]} {A[1]} {A[0]}]]
set_property iostandard LVCMOS33 [get_ports [list {A[3]} {A[2]} {A[1]} {A[0]}]]
startgroup
set_property package_pin P67 [get_ports {A[3]}]
endgroup
startgroup
set_property package_pin P68 [get_ports {A[2]}]
endgroup
startgroup
set_property package_pin P70 [get_ports {A[1]}]
endgroup
startgroup
set_property package_pin P71 [get_ports {A[0]}]
endgroup
set_property iostandard LVCMOS33 [get_ports [list Q1]]
set_property iostandard LVCMOS33 [get_ports [list Q2]]
set_property iostandard LVCMOS33 [get_ports [list Q3]]
startgroup
set_property package_pin P90 [get_ports Q1]
endgroup
startgroup
set_property package_pin P94 [get_ports Q2]
endgroup
startgroup
set_property package_pin P91 [get_ports Q3]
endgroup
save_constraints
